C251 COMPILER V5.60.0,  main                                                               02/06/26  18:42:57  PAGE 1   


C251 COMPILER V5.60.0, COMPILATION OF MODULE main
OBJECT MODULE PLACED IN .\list\main.obj
COMPILER INVOKED BY: D:\Program Files\Keil_v5\C251\BIN\C251.EXE main.c XSMALL INTR2 BROWSE DEBUG PRINT(.\list\main.lst) 
                    -TABS(2) OBJECT(.\list\main.obj) 

stmt  level    source

    1          #include  "config.h"
    2          #include  "STC32G_PWM.h"
    3          #include  "STC32G_GPIO.h"
    4          #include  "STC32G_NVIC.h"
    5          #include  "STC32G_Timer.h"
    6          #include  "STC32G_Delay.h"
    7          /*************  功能说明  **************
    8          高级PWM定时器 PWM5,PWM6,PWM7,PWM8 每个通道都可独立实现PWM输出.
    9          4个通道PWM根据需要设置对应输出口，可通过示波器观察输出的信号.
   10          PWM周期和占空比可以自定义设置，最高可达65535.
   11          下载时, 选择时钟 24MHZ (用户可在"config.h"修改频率).
   12          ******************************************/
   13          sbit AIN1=P4^5;
   14          sbit AIN2=P2^7;
   15          sbit BIN1=P2^5;
   16          sbit BIN2=P2^6;
   17          sbit zuo2=P0^3;
   18          sbit zuo1=P0^4;
   19          sbit zhong=P0^2;
   20          sbit you1=P0^1;
   21          sbit you2=P0^0;
   22          sbit LED1=P4^1;
   23          sbit LED2=P4^2;
   24          sbit LED3=P4^4;
   25          
   26          PWMx_Duty PWMB_Duty;
   27          u16 PWM_Period = 2000;
   28          bit PWM5_Flag;
   29          bit PWM6_Flag;
   30          
   31          /*************  本地函数声明  **************/
   32          
   33          /*************  外部函数和变量声明 *****************/
   34          
   35          /************************ IO口配置 ****************************/
   36          void  GPIO_config(void)
   37          {
   38   1        
   39   1      }
   40          
   41          /************************ 定时器配置 ****************************/
   42          void  Timer_config(void)
   43          {
   44   1        TIM_InitTypeDef   TIM_InitStructure;          //结构定义
   45   1        TIM_InitStructure.TIM_Mode      = TIM_16BitAutoReload;  //指定工作模式,   TIM_16BitAutoReload,TIM_16Bit,T
             -IM_8BitAutoReload,TIM_16BitAutoReloadNoMask
   46   1        TIM_InitStructure.TIM_ClkSource = TIM_CLOCK_1T;   //指定时钟源,     TIM_CLOCK_1T,TIM_CLOCK_12T,TIM_CLOCK_
             -Ext
   47   1        TIM_InitStructure.TIM_ClkOut    = DISABLE;        //是否输出高速脉冲, ENABLE或DISABLE
   48   1        TIM_InitStructure.TIM_Value     = (u16)(65536UL - (MAIN_Fosc / 1000UL));    //中断频率, 1000次/秒
   49   1        TIM_InitStructure.TIM_PS        = 0;          //8位预分频器(n+1), 0~255
   50   1        TIM_InitStructure.TIM_Run       = ENABLE;       //是否初始化后启动定时器, ENABLE或DISABLE
   51   1        Timer_Inilize(Timer0,&TIM_InitStructure);       //初始化Timer0    Timer0,Timer1,Timer2,Timer3,Timer4
   52   1        NVIC_Timer0_Init(ENABLE,Priority_0);    //中断使能, ENABLE/DISABLE; 优先级(低到高) Priority_0,Priority_1,P
             -riority_2,Priority_3
   53   1      }
   54          
   55          /***************  PWM初始化函数 *****************/
C251 COMPILER V5.60.0,  main                                                               02/06/26  18:42:57  PAGE 2   

   56          void  PWM_config(void)
   57          {
   58   1        PWMx_InitDefine   PWMx_InitStructure;
   59   1      
   60   1        PWMx_InitStructure.PWM_Mode    =  CCMRn_PWM_MODE1;  //模式,   CCMRn_FREEZE,CCMRn_MATCH_VALID,CCMRn_MATCH_IN
             -VALID,CCMRn_ROLLOVER,CCMRn_FORCE_INVALID,CCMRn_FORCE_VALID,CCMRn_PWM_MODE1,CCMRn_PWM_MODE2
   61   1        PWMx_InitStructure.PWM_Duty    = PWMB_Duty.PWM5_Duty; //PWM占空比时间, 0~Period
   62   1        PWMx_InitStructure.PWM_EnoSelect   = ENO5P;         //输出通道选择, ENO1P,ENO1N,ENO2P,ENO2N,ENO3P,ENO3N,ENO4
             -P,ENO4N / ENO5P,ENO6P,ENO7P,ENO8P
   63   1        PWM_Configuration(PWM5, &PWMx_InitStructure);       //初始化PWM,  PWMA,PWMB
   64   1      
   65   1        PWMx_InitStructure.PWM_Mode    =  CCMRn_PWM_MODE1;  //模式,   CCMRn_FREEZE,CCMRn_MATCH_VALID,CCMRn_MATCH_IN
             -VALID,CCMRn_ROLLOVER,CCMRn_FORCE_INVALID,CCMRn_FORCE_VALID,CCMRn_PWM_MODE1,CCMRn_PWM_MODE2
   66   1        PWMx_InitStructure.PWM_Duty    = PWMB_Duty.PWM6_Duty; //PWM占空比时间, 0~Period
   67   1        PWMx_InitStructure.PWM_EnoSelect   = ENO6P;         //输出通道选择, ENO1P,ENO1N,ENO2P,ENO2N,ENO3P,ENO3N,ENO4
             -P,ENO4N / ENO5P,ENO6P,ENO7P,ENO8P
   68   1        PWM_Configuration(PWM6, &PWMx_InitStructure);       //初始化PWM,  PWMA,PWMB
   69   1      
   70   1        PWMx_InitStructure.PWM_Period   = PWM_Period; //2000              //周期时间,   0~65535
   71   1        PWMx_InitStructure.PWM_DeadTime = 0;                //死区发生器设置, 0~255
   72   1        PWMx_InitStructure.PWM_MainOutEnable= ENABLE;       //主输出使能, ENABLE,DISABLE
   73   1        PWMx_InitStructure.PWM_CEN_Enable   = ENABLE;       //使能计数器, ENABLE,DISABLE
   74   1        PWM_Configuration(PWMB, &PWMx_InitStructure);       //初始化PWM通用寄存器,  PWMA,PWMB
   75   1      
   76   1        PWM6_USE_P21();
   77   1        PWM5_USE_P20();
   78   1        NVIC_PWM_Init(PWMB,DISABLE,Priority_0);
   79   1      }
   80          
   81          void PWM_Left(int pwm)     //用0~100表示
   82          { 
   83   1        PWMB_Duty.PWM6_Duty = pwm*(PWM_Period/100);  //注意PWM_Period此时为100倍数 2000 
   84   1      }
   85          
   86          void PWM_Right(int pwm)     //用0~100表示
   87          { 
   88   1        PWMB_Duty.PWM5_Duty = pwm*(PWM_Period/100); 
   89   1      }
   90          
   91          void PWM_Run(int pwm1,int pwm2)  //左右PWM
   92          {
   93   1        PWM_Left(pwm1);
   94   1        PWM_Right(pwm2);
   95   1        UpdatePwm(PWMB, &PWMB_Duty);
   96   1      }
   97          
   98          void test01(void)
   99          {
  100   1          PWM_Run(100,80);
  101   1          delay_ms(1000);
  102   1          PWM_Run(80,100);
  103   1          delay_ms(1000);
  104   1          PWM_Run(0,100);
  105   1          delay_ms(1000);
  106   1          PWM_Run(100,0);
  107   1          delay_ms(1000);
  108   1      }
  109          /******************** 主函数**************************/
  110          void main(void)
  111          {
  112   1        int i;
  113   1        WTST = 0;   //设置程序指令延时参数，赋值为0可将CPU执行指令的速度设置为最快
  114   1        EAXSFR();   //扩展SFR(XFR)访问使能 
  115   1        CKCON = 0;      //提高访问XRAM速度
  116   1      
  117   1        GPIO_config();
C251 COMPILER V5.60.0,  main                                                               02/06/26  18:42:57  PAGE 3   

  118   1        Timer_config();
  119   1        PWM_config();
  120   1        
  121   1      
  122   1        P0M0=0xe0; 
  123   1        P0M1=0x1f; 
  124   1        P1M1=0x00;
  125   1        P1M0=0x00;
  126   1        P2M1=0x00;
  127   1        P2M0=0xFF;
  128   1        P4M0 = 0x16; 
  129   1        P4M1 = 0x00; 
  130   1        EA = 1;
  131   1          
  132   1        AIN1=0;
  133   1        AIN2=1;
  134   1        BIN1=1;
  135   1        BIN2=0;
  136   1        LED1=1;
  137   1        for(i=0; i<5; i++)
  138   1        {
  139   2          LED1 = 1;   delay_ms(130);    LED1 = 0;
  140   2          LED2 = 1;   delay_ms(130);    LED2 = 0;
  141   2          LED3 = 1;   delay_ms(130);    LED3 = 0;
  142   2        }
  143   1        while (1)
  144   1        {
  145   2          if(zuo2==0 && zuo1==0 && zhong==1 && you1==1 && you2==1)   //三个右
  146   2          {
  147   3            PWM_Run(80,0);
  148   3            delay_ms(130);
  149   3          }
  150   2          else if(zuo2==1 && zuo1==1 && zhong==1 && you1==0 && you2==0) //三个左
  151   2          {
  152   3            PWM_Run(0,80);
  153   3            delay_ms(130);
  154   3          }
  155   2          else if (zuo2==0 && zuo1==0 && zhong==0 && you1==1 && you2==1)   //两个右
  156   2          {
  157   3            PWM_Run(90,0);
  158   3            delay_ms(130);
  159   3          }   
  160   2          else if (zuo2==0 && zuo1==0 && zhong==1 && you1==0 && you2==1)   //两个右
  161   2          {
  162   3            PWM_Run(85,0);
  163   3            delay_ms(130);
  164   3          }   
  165   2          else if (zuo2==0 && zuo1==0 && zhong==1 && you1==1 && you2==0)   //两个右
  166   2          {
  167   3            PWM_Run(90,50);
  168   3            delay_ms(130);
  169   3          }
  170   2          else if (zuo2==1 && zuo1==1 && zhong==0 && you1==0 && you2==0)   //两个左
  171   2          {
  172   3            PWM_Run(0,90);
  173   3            delay_ms(130);
  174   3          }
  175   2          else if (zuo2==1 && zuo1==0 && zhong==1 && you1==0 && you2==0)   //两个左
  176   2          {
  177   3            PWM_Run(0,85);
  178   3            delay_ms(130);
  179   3          }
  180   2          else if (zuo2==0 && zuo1==1 && zhong==1 && you1==0 && you2==0)   //两个左
  181   2          {
  182   3            PWM_Run(50,90);
  183   3            delay_ms(130);
C251 COMPILER V5.60.0,  main                                                               02/06/26  18:42:57  PAGE 4   

  184   3          }   
  185   2          else if (zuo2==0 && zuo1==0 && zhong==0 && you1==0 && you2==1)    //一个右
  186   2          {
  187   3            PWM_Run(90,0);
  188   3          }
  189   2          else if (zuo2==0 && zuo1==0 && zhong==0 && you1==1 && you2==0)    //一个右
  190   2          {
  191   3            PWM_Run(85,50);
  192   3          }
  193   2          else if (zuo2==1 && zuo1==0 && zhong==0 && you1==0 && you2==0)    //一个左
  194   2          {
  195   3            PWM_Run(0,90);
  196   3          }
  197   2          else if (zuo2==0 && zuo1==1 && zhong==0 && you1==0 && you2==0)    //一个左
  198   2          {
  199   3            PWM_Run(50,85);
  200   3          }
  201   2          else if(zuo1==1 && you1==1  && zhong==1)                      //三个中           
  202   2          {
  203   3            PWM_Run(95,95);
  204   3            delay_ms(50);
  205   3          }
  206   2          else if (zuo2==0 && zuo1==1 && (zhong==0 || zhong==1) && you1==1 && you2==0) //mid
  207   2          {
  208   3            PWM_Run(95,95);
  209   3          }   
  210   2          else if (zuo2==1 && zuo1==1 && zhong==0 && you1==1 && you2==1) //左右俩
  211   2          {
  212   3            PWM_Run(80,80);
  213   3          }   
  214   2          else if(zuo2==1 && zuo1==0 && zhong==0 && you1==0 && you2==1)  //左右一
  215   2          {
  216   3            PWM_Run(80,80);
  217   3          }
  218   2          else if(zuo2==0 && zuo1==1 && zhong==0 && you1==1 && you2==0)  //左右一
  219   2          {
  220   3            PWM_Run(80,80);
  221   3          } 
  222   2          else if (zuo2==0 && zuo1==0 && zhong==1 && you1==0 && you2==0) //mid
  223   2          {
  224   3            PWM_Run(90,90);
  225   3          }
  226   2          else if(zuo2==0 && zuo1==0 && zhong==0 && you1==0 && you2==0)  //全白 旋转
  227   2          {
  228   3            PWM_Run(90,0);
  229   3          }
  230   2          
  231   2          if(zuo2==1 && zuo1==1 && zhong==1 && you1==1 && you2==1) 
  232   2          {
  233   3              AIN1=0;
  234   3              AIN2=0;
  235   3              BIN1=0;
  236   3              BIN2=0;
  237   3              PWM_Run(0,0);
  238   3          }
  239   2          else
  240   2          {
  241   3              AIN1=0;
  242   3              AIN2=1;
  243   3              BIN1=1;
  244   3              BIN2=0;
  245   3          }
  246   2        
  247   2            
  248   2        }
  249   1      }
C251 COMPILER V5.60.0,  main                                                               02/06/26  18:42:57  PAGE 5   

  250          
  251          
  252          
  253          


Module Information          Static   Overlayable
------------------------------------------------
  code size            =      1248     ------
  ecode size           =    ------     ------
  data size            =    ------     ------
  idata size           =    ------     ------
  pdata size           =    ------     ------
  xdata size           =    ------     ------
  xdata-const size     =    ------     ------
  edata size           =        18         16
  bit size             =         2     ------
  ebit size            =    ------     ------
  bitaddressable size  =    ------     ------
  ebitaddressable size =    ------     ------
  far data size        =    ------     ------
  huge data size       =    ------     ------
  const size           =    ------     ------
  hconst size          =         6     ------
End of Module Information.


C251 COMPILATION COMPLETE.  0 WARNING(S),  0 ERROR(S)
