L251 LINKER/LOCATER V4.66.93.0                                                          06/02/2026  18:42:57  PAGE 1


L251 LINKER/LOCATER V4.66.93.0, INVOKED BY:
D:\PROGRAM FILES\KEIL_V5\C251\BIN\L251.EXE .\list\main.obj, .\list\STC32G_GPIO.obj, .\list\STC32G_NVIC.obj, .\list\STC32
>> G_PWM.obj, .\list\STC32G_PWM_Isr.obj, .\list\STC32G_Timer.obj, .\list\STC32G_Timer_Isr.obj, .\list\STC32G_Delay.obj T
>> O .\list\PWM PRINT (.\list\PWM.map) CASE REMOVEUNUSED CLASSES (EDATA (0X0-0XFFF), HDATA (0X0-0XFFF))


CPU MODE:     251 SOURCE MODE
INTR FRAME:   2 BYTES SAVED ON INTERRUPT
MEMORY MODEL: XSMALL


INPUT MODULES INCLUDED:
  .\list\main.obj (main)
         COMMENT TYPE 0: C251 V5.60.0
  .\list\STC32G_GPIO.obj (STC32G_GPIO)
         COMMENT TYPE 0: C251 V5.60.0
  .\list\STC32G_NVIC.obj (STC32G_NVIC)
         COMMENT TYPE 0: C251 V5.60.0
  .\list\STC32G_PWM.obj (STC32G_PWM)
         COMMENT TYPE 0: C251 V5.60.0
  .\list\STC32G_PWM_Isr.obj (STC32G_PWM_Isr)
         COMMENT TYPE 0: C251 V5.60.0
  .\list\STC32G_Timer.obj (STC32G_Timer)
         COMMENT TYPE 0: C251 V5.60.0
  .\list\STC32G_Timer_Isr.obj (STC32G_Timer_Isr)
         COMMENT TYPE 0: C251 V5.60.0
  .\list\STC32G_Delay.obj (STC32G_Delay)
         COMMENT TYPE 0: C251 V5.60.0
  D:\PROGRAM FILES\KEIL_V5\C251\LIB\C2SXS.LIB (?C_START)
         COMMENT TYPE 0: A251 V4.69.6.0
  D:\PROGRAM FILES\KEIL_V5\C251\LIB\C2SXS.LIB (?C?INITEDATA)
         COMMENT TYPE 0: A251 V4.69.6.0
  D:\PROGRAM FILES\KEIL_V5\C251\LIB\C2SXS.LIB (?C?INITEDATA_END)
         COMMENT TYPE 0: A251 V4.69.6.0


ACTIVE MEMORY CLASSES OF MODULE:  .\list\PWM (main)

BASE        START       END         USED      MEMORY CLASS
==========================================================
000000H     000000H     000FFFH     00011BH   EDATA
000000H     000000H     000FFFH               HDATA
FF0000H     FF0000H     FFFFFFH     0010BFH   CODE
000020H.0   000020H.0   00002FH.7   000000H.3 BIT
000000H     FF0000H     FFFFFFH     000008H   HCONST
000000H     000000H     00007FH     000008H   DATA


MEMORY MAP OF MODULE:  .\list\PWM (main)


START     STOP      LENGTH    ALIGN  RELOC    MEMORY CLASS   SEGMENT NAME
=========================================================================
000000H   000007H   000008H   ---    AT..     DATA           "REG BANK 0"
000008H   000019H   000012H   BYTE   UNIT     EDATA          ?ED?MAIN
00001AH.0 00001FH.7 000006H.0 ---    ---      **GAP**
000020H.0 000020H.1 000000H.2 BIT    UNIT     BIT            ?BI?MAIN
000020H.2 000020H.2 000000H.1 BIT    UNIT     BIT            ?BI?STC32G_TIMER_ISR
000020H.3 000020H   000000H.5 ---    ---      **GAP**
000021H   000029H   000009H   BYTE   UNIT     EDATA          _EDATA_GROUP_
00002AH   000129H   000100H   BYTE   UNIT     EDATA          ?STACK
00012AH   FEFFFFH   FEFED6H   ---    ---      **GAP**
FF0000H   FF0002H   000003H   ---    OFFS..   CODE           ?CO?start251?4
FF0003H   FF0009H   000007H   BYTE   INSEG    CODE           ?PR?TIMER1_ISR_HANDLER?STC32G_TIMER_ISR
FF000AH   FF000AH   000001H   BYTE   INSEG    CODE           ?PR?GPIO_CONFIG?MAIN
FF000BH   FF000DH   000003H   ---    OFFS..   CODE           ?PR?IV?1
L251 LINKER/LOCATER V4.66.93.0                                                        06/02/2026  18:42:57  PAGE 2


FF000EH   FF0014H   000007H   BYTE   INSEG    CODE           ?PR?TIMER2_ISR_HANDLER?STC32G_TIMER_ISR
FF0015H   FF0017H   000003H   BYTE   INSEG    CODE           ?PR?TIMER0_ISR_HANDLER?STC32G_TIMER_ISR
FF0018H   FF001AH   000003H   ---    ---      **GAP**
FF001BH   FF001DH   000003H   ---    OFFS..   CODE           ?PR?IV?3
FF001EH   FF0030H   000013H   BYTE   UNIT     CODE           ?C_C51STARTUP
FF0031H   FF0059H   000029H   BYTE   UNIT     CODE           ?C_C51STARTUP?2
FF005AH   FF005CH   000003H   BYTE   UNIT     CODE           ?C_C51STARTUP?3
FF005DH   FF0062H   000006H   ---    ---      **GAP**
FF0063H   FF0065H   000003H   ---    OFFS..   CODE           ?PR?IV?12
FF0066H   FF0096H   000031H   BYTE   INSEG    CODE           ?PR?TIMER_CONFIG?MAIN
FF0097H   FF009AH   000004H   ---    ---      **GAP**
FF009BH   FF009DH   000003H   ---    OFFS..   CODE           ?PR?IV?19
FF009EH   FF00A2H   000005H   ---    ---      **GAP**
FF00A3H   FF00A5H   000003H   ---    OFFS..   CODE           ?PR?IV?20
FF00A6H   FF00BDH   000018H   BYTE   INSEG    CODE           ?PR?PWM_RUN?MAIN
FF00BEH   FF00D0H   000013H   BYTE   INSEG    CODE           ?PR?PWM_RIGHT?MAIN
FF00D1H   FF00D2H   000002H   ---    ---      **GAP**
FF00D3H   FF00D5H   000003H   ---    OFFS..   CODE           ?PR?IV?26
FF00D6H   FF00DAH   000005H   ---    ---      **GAP**
FF00DBH   FF00DDH   000003H   ---    OFFS..   CODE           ?PR?IV?27
FF00DEH   FF06F7H   00061AH   BYTE   INSEG    CODE           ?PR?PWM_CONFIGURATION?STC32G_PWM
FF06F8H   FF0AA8H   0003B1H   BYTE   INSEG    CODE           ?PR?MAIN?MAIN
FF0AA9H   FF0CC1H   000219H   BYTE   INSEG    CODE           ?PR?TIMER_INILIZE?STC32G_TIMER
FF0CC2H   FF0E3CH   00017BH   BYTE   INSEG    CODE           ?PR?UPDATEPWM?STC32G_PWM
FF0E3DH   FF0ED2H   000096H   BYTE   INSEG    CODE           ?PR?NVIC_PWM_INIT?STC32G_NVIC
FF0ED3H   FF0F57H   000085H   BYTE   INSEG    CODE           ?PR?PWMA_ISR_HANDLER?STC32G_PWM_ISR
FF0F58H   FF0FDCH   000085H   BYTE   INSEG    CODE           ?PR?PWMB_ISR_HANDLER?STC32G_PWM_ISR
FF0FDDH   FF1057H   00007BH   BYTE   INSEG    CODE           ?PR?PWM_CONFIG?MAIN
FF1058H   FF109FH   000048H   BYTE   INSEG    CODE           ?PR?NVIC_TIMER0_INIT?STC32G_NVIC
FF10A0H   FF10B6H   000017H   BYTE   INSEG    CODE           ?PR?DELAY_MS?STC32G_DELAY
FF10B7H   FF10C9H   000013H   BYTE   INSEG    CODE           ?PR?PWM_LEFT?MAIN
FF10CAH   FF10D0H   000007H   BYTE   INSEG    CODE           ?PR?TIMER3_ISR_HANDLER?STC32G_TIMER_ISR
FF10D1H   FF10D7H   000007H   BYTE   INSEG    CODE           ?PR?TIMER4_ISR_HANDLER?STC32G_TIMER_ISR
FF10D8H   FF10DFH   000008H   BYTE   UNIT     HCONST         ?C_INITEDATA

* * * * * * * * *   R E M O V E D     S E G M E N T S   * * * * * * * *
   *DEL*:           000044H   BYTE   INSEG    CODE           ?PR?TEST01?MAIN
   *DEL*:           000256H   BYTE   INSEG    CODE           ?PR?GPIO_INILIZE?STC32G_GPIO
   *DEL*:           00004CH   BYTE   INSEG    CODE           ?PR?NVIC_DMA_ADC_INIT?STC32G_NVIC
   *DEL*:           00004CH   BYTE   INSEG    CODE           ?PR?NVIC_DMA_M2M_INIT?STC32G_NVIC
   *DEL*:           00004CH   BYTE   INSEG    CODE           ?PR?NVIC_DMA_LCM_INIT?STC32G_NVIC
   *DEL*:           000048H   BYTE   INSEG    CODE           ?PR?NVIC_INT0_INIT?STC32G_NVIC
   *DEL*:           000048H   BYTE   INSEG    CODE           ?PR?NVIC_INT1_INIT?STC32G_NVIC
   *DEL*:           00001AH   BYTE   INSEG    CODE           ?PR?NVIC_INT2_INIT?STC32G_NVIC
   *DEL*:           00001AH   BYTE   INSEG    CODE           ?PR?NVIC_INT3_INIT?STC32G_NVIC
   *DEL*:           00004CH   BYTE   INSEG    CODE           ?PR?NVIC_DMA_SPI_INIT?STC32G_NVIC
   *DEL*:           00001AH   BYTE   INSEG    CODE           ?PR?NVIC_INT4_INIT?STC32G_NVIC
   *DEL*:           000048H   BYTE   INSEG    CODE           ?PR?NVIC_TIMER1_INIT?STC32G_NVIC
   *DEL*:           00001AH   BYTE   INSEG    CODE           ?PR?NVIC_TIMER2_INIT?STC32G_NVIC
   *DEL*:           00001AH   BYTE   INSEG    CODE           ?PR?NVIC_TIMER3_INIT?STC32G_NVIC
   *DEL*:           00001AH   BYTE   INSEG    CODE           ?PR?NVIC_TIMER4_INIT?STC32G_NVIC
   *DEL*:           000082H   BYTE   INSEG    CODE           ?PR?NVIC_I2C_INIT?STC32G_NVIC
   *DEL*:           00004CH   BYTE   INSEG    CODE           ?PR?NVIC_DMA_I2CR_INIT?STC32G_NVIC
   *DEL*:           00004CH   BYTE   INSEG    CODE           ?PR?NVIC_DMA_I2CT_INIT?STC32G_NVIC
   *DEL*:           000048H   BYTE   INSEG    CODE           ?PR?NVIC_ADC_INIT?STC32G_NVIC
   *DEL*:           00004CH   BYTE   INSEG    CODE           ?PR?NVIC_DMA_UART1_RX_INIT?STC32G_NVIC
   *DEL*:           00004CH   BYTE   INSEG    CODE           ?PR?NVIC_DMA_UART2_RX_INIT?STC32G_NVIC
   *DEL*:           00004CH   BYTE   INSEG    CODE           ?PR?NVIC_DMA_UART3_RX_INIT?STC32G_NVIC
   *DEL*:           00004CH   BYTE   INSEG    CODE           ?PR?NVIC_DMA_UART1_TX_INIT?STC32G_NVIC
   *DEL*:           00004CH   BYTE   INSEG    CODE           ?PR?NVIC_DMA_UART4_RX_INIT?STC32G_NVIC
   *DEL*:           00004CH   BYTE   INSEG    CODE           ?PR?NVIC_DMA_UART2_TX_INIT?STC32G_NVIC
   *DEL*:           00004CH   BYTE   INSEG    CODE           ?PR?NVIC_DMA_UART3_TX_INIT?STC32G_NVIC
   *DEL*:           00008BH   BYTE   INSEG    CODE           ?PR?NVIC_CAN_INIT?STC32G_NVIC
   *DEL*:           00004CH   BYTE   INSEG    CODE           ?PR?NVIC_DMA_UART4_TX_INIT?STC32G_NVIC
   *DEL*:           00003CH   BYTE   INSEG    CODE           ?PR?NVIC_LCM_INIT?STC32G_NVIC
L251 LINKER/LOCATER V4.66.93.0                                                        06/02/2026  18:42:57  PAGE 3


   *DEL*:           000053H   BYTE   INSEG    CODE           ?PR?NVIC_CMP_INIT?STC32G_NVIC
   *DEL*:           00004EH   BYTE   INSEG    CODE           ?PR?NVIC_LIN_INIT?STC32G_NVIC
   *DEL*:           000046H   BYTE   INSEG    CODE           ?PR?NVIC_RTC_INIT?STC32G_NVIC
   *DEL*:           00004EH   BYTE   INSEG    CODE           ?PR?NVIC_SPI_INIT?STC32G_NVIC
   *DEL*:           000048H   BYTE   INSEG    CODE           ?PR?NVIC_UART1_INIT?STC32G_NVIC
   *DEL*:           00004EH   BYTE   INSEG    CODE           ?PR?NVIC_UART2_INIT?STC32G_NVIC
   *DEL*:           00004EH   BYTE   INSEG    CODE           ?PR?NVIC_UART3_INIT?STC32G_NVIC
   *DEL*:           00004EH   BYTE   INSEG    CODE           ?PR?NVIC_UART4_INIT?STC32G_NVIC
   *DEL*:           000031H   BYTE   INSEG    CODE           ?PR?READPWMA?STC32G_PWM
   *DEL*:           000031H   BYTE   INSEG    CODE           ?PR?READPWMB?STC32G_PWM
   *DEL*:           000174H   BYTE   INSEG    CODE           ?PR?UPDATEHSPWM?STC32G_PWM
   *DEL*:           000025H   BYTE   INSEG    CODE           ?PR?WRITEPWMA?STC32G_PWM
   *DEL*:           000025H   BYTE   INSEG    CODE           ?PR?WRITEPWMB?STC32G_PWM
   *DEL*:           000424H   BYTE   INSEG    CODE           ?PR?HSPWM_CONFIGURATION?STC32G_PWM
   *DEL*:           000007H   BYTE   UNIT     EDATA          ?ED?HSPWM_CONFIGURATION?STC32G_PWM



OVERLAY MAP OF MODULE:   .\list\PWM (main)


FUNCTION/MODULE                          EDATA_GROUP
--> CALLED FUNCTION/MODULE               START  STOP
====================================================
PWMA_ISR_Handler/STC32G_PWM_Isr          ----- -----

*** NEW ROOT ***************************

PWMB_ISR_Handler/STC32G_PWM_Isr          ----- -----

*** NEW ROOT ***************************

Timer0_ISR_Handler/STC32G_Timer_Isr      ----- -----

*** NEW ROOT ***************************

Timer1_ISR_Handler/STC32G_Timer_Isr      ----- -----

*** NEW ROOT ***************************

Timer2_ISR_Handler/STC32G_Timer_Isr      ----- -----

*** NEW ROOT ***************************

Timer3_ISR_Handler/STC32G_Timer_Isr      ----- -----

*** NEW ROOT ***************************

Timer4_ISR_Handler/STC32G_Timer_Isr      ----- -----

*** NEW ROOT ***************************

?C_C51STARTUP                            ----- -----

*** NEW ROOT ***************************

?C_C51STARTUP?3                          ----- -----
  +--> main/main

main/main                                ----- -----
  +--> GPIO_config/main
  +--> Timer_config/main
  +--> PWM_config/main
  +--> delay_ms/STC32G_Delay
  +--> PWM_Run/main
L251 LINKER/LOCATER V4.66.93.0                                                        06/02/2026  18:42:57  PAGE 4



GPIO_config/main                         ----- -----

Timer_config/main                        0021H 0027H
  +--> Timer_Inilize/STC32G_Timer
  +--> NVIC_Timer0_Init/STC32G_NVIC

Timer_Inilize/STC32G_Timer               ----- -----

NVIC_Timer0_Init/STC32G_NVIC             ----- -----

PWM_config/main                          0021H 0029H
  +--> PWM_Configuration/STC32G_PWM
  +--> NVIC_PWM_Init/STC32G_NVIC

PWM_Configuration/STC32G_PWM             ----- -----

NVIC_PWM_Init/STC32G_NVIC                ----- -----

delay_ms/STC32G_Delay                    ----- -----

PWM_Run/main                             ----- -----
  +--> PWM_Left/main
  +--> PWM_Right/main
  +--> UpdatePwm/STC32G_PWM

PWM_Left/main                            ----- -----

PWM_Right/main                           ----- -----

UpdatePwm/STC32G_PWM                     ----- -----

*** NEW ROOT ***************************

?C_C51STARTUP?2                          ----- -----



PUBLIC SYMBOLS OF MODULE:  .\list\PWM (main)


      VALUE       CLASS    TYPE      PUBLIC SYMBOL NAME
      =================================================
      000000FFH   NUMBER   ---       ?C?CODESEG
      00FF0031H   CODE     ---       ?C?INITEDATA
      00FF10DEH   HCONST   WORD      ?C?INITEDATA_END
      00FF0000H   CODE     ---       ?C?STARTUP
      00000001H   NUMBER   ---       ?C?XDATASEG
      00FF0000H   CODE     ---       ?C_STARTUP
*SFR* 000000BCH   DATA     BYTE      ADC_CONTR
*SFR* 000000DEH   DATA     BYTE      ADCCFG
*SFR* 000000C0H.5 DATA     BIT       AIN1
*SFR* 000000A0H.7 DATA     BIT       AIN2
*SFR* 000000EFH   DATA     BYTE      AUXINTIF
*SFR* 0000008EH   DATA     BYTE      AUXR
*SFR* 00000097H   DATA     BYTE      AUXR2
*SFR* 000000A0H.5 DATA     BIT       BIN1
*SFR* 000000A0H.6 DATA     BIT       BIN2
*SFR* 000000F1H.5 DATA     BIT       CAN2IE
*SFR* 000000F1H   DATA     BYTE      CANICR
*SFR* 000000F1H.1 DATA     BIT       CANIE
*SFR* 000000EAH   DATA     BYTE      CKCON
*SFR* 000000E6H   DATA     BYTE      CMPCR1
*SFR* 000000E7H   DATA     BYTE      CMPCR2
      00FF10A0H   CODE     ---       delay_ms
L251 LINKER/LOCATER V4.66.93.0                                                        06/02/2026  18:42:57  PAGE 5


*SFR* 000000A8H.7 DATA     BIT       EA
*SFR* 000000A8H.5 DATA     BIT       EADC
*SFR* 000000BAH.7 DATA     BIT       EAXFR
*SFR* 000000A8H.4 DATA     BIT       ES
*SFR* 000000AFH.0 DATA     BIT       ES2
*SFR* 000000AFH.3 DATA     BIT       ES3
*SFR* 000000AFH.4 DATA     BIT       ES4
*SFR* 000000AFH.1 DATA     BIT       ESPI
*SFR* 000000A8H.1 DATA     BIT       ET0
*SFR* 000000A8H.3 DATA     BIT       ET1
*SFR* 000000AFH.2 DATA     BIT       ET2
*SFR* 000000AFH.5 DATA     BIT       ET3
*SFR* 000000AFH.6 DATA     BIT       ET4
*SFR* 000000A8H.0 DATA     BIT       EX0
*SFR* 000000A8H.2 DATA     BIT       EX1
*SFR* 0000008FH.4 DATA     BIT       EX2
*SFR* 0000008FH.5 DATA     BIT       EX3
*SFR* 0000008FH.6 DATA     BIT       EX4
      00FF000AH   CODE     ---       GPIO_config
*DEL*:00000000H   CODE     ---       GPIO_Inilize
*DEL*:00000000H   CODE     ---       HSPWM_Configuration
*SFR* 000000C7H   DATA     BYTE      IAP_CONTR
*SFR* 000000A8H   DATA     BYTE      IE
*SFR* 000000AFH   DATA     BYTE      IE2
*SFR* 0000008FH   DATA     BYTE      INTCLKO
*SFR* 000000B8H   DATA     BYTE      IP
*SFR* 000000B5H   DATA     BYTE      IP2
*SFR* 000000B6H   DATA     BYTE      IP2H
*SFR* 000000DFH   DATA     BYTE      IP3
*SFR* 000000EEH   DATA     BYTE      IP3H
*SFR* 000000B7H   DATA     BYTE      IPH
*SFR* 0000009DH   DATA     BYTE      IRCBAND
*SFR* 000000C0H.1 DATA     BIT       LED1
*SFR* 000000C0H.2 DATA     BIT       LED2
*SFR* 000000C0H.4 DATA     BIT       LED3
*SFR* 000000F9H   DATA     BYTE      LINICR
*SFR* 000000F9H.1 DATA     BIT       LINIE
      00FF06F8H   CODE     ---       main
*SFR* 000000E6H.4 DATA     BIT       NIE
*DEL*:00000000H   CODE     ---       NVIC_ADC_Init
*DEL*:00000000H   CODE     ---       NVIC_CAN_Init
*DEL*:00000000H   CODE     ---       NVIC_CMP_Init
*DEL*:00000000H   CODE     ---       NVIC_DMA_ADC_Init
*DEL*:00000000H   CODE     ---       NVIC_DMA_I2CR_Init
*DEL*:00000000H   CODE     ---       NVIC_DMA_I2CT_Init
*DEL*:00000000H   CODE     ---       NVIC_DMA_LCM_Init
*DEL*:00000000H   CODE     ---       NVIC_DMA_M2M_Init
*DEL*:00000000H   CODE     ---       NVIC_DMA_SPI_Init
*DEL*:00000000H   CODE     ---       NVIC_DMA_UART1_Rx_Init
*DEL*:00000000H   CODE     ---       NVIC_DMA_UART1_Tx_Init
*DEL*:00000000H   CODE     ---       NVIC_DMA_UART2_Rx_Init
*DEL*:00000000H   CODE     ---       NVIC_DMA_UART2_Tx_Init
*DEL*:00000000H   CODE     ---       NVIC_DMA_UART3_Rx_Init
*DEL*:00000000H   CODE     ---       NVIC_DMA_UART3_Tx_Init
*DEL*:00000000H   CODE     ---       NVIC_DMA_UART4_Rx_Init
*DEL*:00000000H   CODE     ---       NVIC_DMA_UART4_Tx_Init
*DEL*:00000000H   CODE     ---       NVIC_I2C_Init
*DEL*:00000000H   CODE     ---       NVIC_INT0_Init
*DEL*:00000000H   CODE     ---       NVIC_INT1_Init
*DEL*:00000000H   CODE     ---       NVIC_INT2_Init
*DEL*:00000000H   CODE     ---       NVIC_INT3_Init
*DEL*:00000000H   CODE     ---       NVIC_INT4_Init
*DEL*:00000000H   CODE     ---       NVIC_LCM_Init
*DEL*:00000000H   CODE     ---       NVIC_LIN_Init
      00FF0E3DH   CODE     ---       NVIC_PWM_Init
L251 LINKER/LOCATER V4.66.93.0                                                        06/02/2026  18:42:57  PAGE 6


*DEL*:00000000H   CODE     ---       NVIC_RTC_Init
*DEL*:00000000H   CODE     ---       NVIC_SPI_Init
      00FF1058H   CODE     ---       NVIC_Timer0_Init
*DEL*:00000000H   CODE     ---       NVIC_Timer1_Init
*DEL*:00000000H   CODE     ---       NVIC_Timer2_Init
*DEL*:00000000H   CODE     ---       NVIC_Timer3_Init
*DEL*:00000000H   CODE     ---       NVIC_Timer4_Init
*DEL*:00000000H   CODE     ---       NVIC_UART1_Init
*DEL*:00000000H   CODE     ---       NVIC_UART2_Init
*DEL*:00000000H   CODE     ---       NVIC_UART3_Init
*DEL*:00000000H   CODE     ---       NVIC_UART4_Init
*SFR* 00000080H   DATA     BYTE      P0
*SFR* 00000094H   DATA     BYTE      P0M0
*SFR* 00000093H   DATA     BYTE      P0M1
*SFR* 00000090H   DATA     BYTE      P1
*SFR* 00000092H   DATA     BYTE      P1M0
*SFR* 00000091H   DATA     BYTE      P1M1
*SFR* 000000A0H   DATA     BYTE      P2
*SFR* 00000096H   DATA     BYTE      P2M0
*SFR* 00000095H   DATA     BYTE      P2M1
*SFR* 000000B0H   DATA     BYTE      P3
*SFR* 000000B2H   DATA     BYTE      P3M0
*SFR* 000000B1H   DATA     BYTE      P3M1
*SFR* 000000C0H   DATA     BYTE      P4
*SFR* 000000B4H   DATA     BYTE      P4M0
*SFR* 000000B3H   DATA     BYTE      P4M1
*SFR* 000000C8H   DATA     BYTE      P5
*SFR* 000000CAH   DATA     BYTE      P5M0
*SFR* 000000C9H   DATA     BYTE      P5M1
*SFR* 000000E8H   DATA     BYTE      P6
*SFR* 000000E8H.3 DATA     BIT       P63
*SFR* 000000E8H.4 DATA     BIT       P64
*SFR* 000000E8H.5 DATA     BIT       P65
*SFR* 000000E8H.6 DATA     BIT       P66
*SFR* 000000CCH   DATA     BYTE      P6M0
*SFR* 000000CBH   DATA     BYTE      P6M1
*SFR* 000000F8H   DATA     BYTE      P7
*SFR* 000000E2H   DATA     BYTE      P7M0
*SFR* 000000E1H   DATA     BYTE      P7M1
*SFR* 000000A2H   DATA     BYTE      P_SW1
*SFR* 000000BAH   DATA     BYTE      P_SW2
*SFR* 000000BBH   DATA     BYTE      P_SW3
*SFR* 000000B8H.5 DATA     BIT       PADC
*SFR* 000000B7H.5 DATA     BIT       PADCH
*SFR* 000000F1H.7 DATA     BIT       PCAN2H
*SFR* 000000F1H.4 DATA     BIT       PCAN2L
*SFR* 000000F1H.3 DATA     BIT       PCANH
*SFR* 000000F1H.0 DATA     BIT       PCANL
*SFR* 000000B5H.5 DATA     BIT       PCMP
*SFR* 000000B6H.5 DATA     BIT       PCMPH
*SFR* 00000087H   DATA     BYTE      PCON
*SFR* 000000E6H.5 DATA     BIT       PIE
*SFR* 000000F9H.3 DATA     BIT       PLINH
*SFR* 000000F9H.0 DATA     BIT       PLINL
*SFR* 000000B5H.2 DATA     BIT       PPWMA
*SFR* 000000B6H.2 DATA     BIT       PPWMAH
*SFR* 000000B5H.3 DATA     BIT       PPWMB
*SFR* 000000B6H.3 DATA     BIT       PPWMBH
*SFR* 000000DFH.2 DATA     BIT       PRTC
*SFR* 000000EEH.2 DATA     BIT       PRTCH
*SFR* 000000B8H.4 DATA     BIT       PS
*SFR* 000000B5H.0 DATA     BIT       PS2
*SFR* 000000B6H.0 DATA     BIT       PS2H
*SFR* 000000DFH.0 DATA     BIT       PS3
*SFR* 000000EEH.0 DATA     BIT       PS3H
L251 LINKER/LOCATER V4.66.93.0                                                        06/02/2026  18:42:57  PAGE 7


*SFR* 000000DFH.1 DATA     BIT       PS4
*SFR* 000000EEH.1 DATA     BIT       PS4H
*SFR* 000000B7H.4 DATA     BIT       PSH
*SFR* 000000B5H.1 DATA     BIT       PSPI
*SFR* 000000B6H.1 DATA     BIT       PSPIH
*SFR* 000000D0H   DATA     BYTE      PSW
*SFR* 000000B8H.1 DATA     BIT       PT0
*SFR* 000000B7H.1 DATA     BIT       PT0H
*SFR* 000000B8H.3 DATA     BIT       PT1
*SFR* 000000B7H.3 DATA     BIT       PT1H
      00000020H.0 BIT      BIT       PWM5_Flag
      00000020H.1 BIT      BIT       PWM6_Flag
      00FF0FDDH   CODE     ---       PWM_config
      00FF00DEH   CODE     ---       PWM_Configuration
      00FF10B7H   CODE     ---       PWM_Left
      00000008H   EDATA    WORD      PWM_Period
      00FF00BEH   CODE     ---       PWM_Right
      00FF00A6H   CODE     ---       PWM_Run
      00FF0ED3H   CODE     ---       PWMA_ISR_Handler
      0000000AH   EDATA    ---       PWMB_Duty
      00FF0F58H   CODE     ---       PWMB_ISR_Handler
*SFR* 000000B8H.0 DATA     BIT       PX0
*SFR* 000000B7H.0 DATA     BIT       PX0H
*SFR* 000000B8H.2 DATA     BIT       PX1
*SFR* 000000B7H.2 DATA     BIT       PX1H
*DEL*:00000000H   CODE     ---       ReadPWMA
*DEL*:00000000H   CODE     ---       ReadPWMB
*SFR* 000000FFH   DATA     BYTE      RSTCFG
*SFR* 0000009AH   DATA     BYTE      S2CON
*SFR* 000000ACH   DATA     BYTE      S3CON
*SFR* 000000FDH   DATA     BYTE      S4CON
*SFR* 00000098H   DATA     BYTE      SCON
*SFR* 000000CEH   DATA     BYTE      SPCTL
*SFR* 000000CDH   DATA     BYTE      SPSTAT
      00000020H.2 BIT      BIT       T0_1ms
*SFR* 00000089H.2 DATA     BIT       T0_CT
*SFR* 0000008FH.0 DATA     BIT       T0CLKO
*SFR* 0000008EH.7 DATA     BIT       T0x12
*SFR* 00000089H.6 DATA     BIT       T1_CT
*SFR* 0000008FH.1 DATA     BIT       T1CLKO
*SFR* 0000008EH.6 DATA     BIT       T1x12
*SFR* 0000008EH.3 DATA     BIT       T2_CT
*SFR* 0000008FH.2 DATA     BIT       T2CLKO
*SFR* 000000D6H   DATA     BYTE      T2H
*SFR* 000000D7H   DATA     BYTE      T2L
*SFR* 0000008EH.4 DATA     BIT       T2R
*SFR* 0000008EH.2 DATA     BIT       T2x12
*SFR* 000000DDH.2 DATA     BIT       T3_CT
*SFR* 000000DDH.0 DATA     BIT       T3CLKO
*SFR* 000000D4H   DATA     BYTE      T3H
*SFR* 000000D5H   DATA     BYTE      T3L
*SFR* 000000DDH.3 DATA     BIT       T3R
*SFR* 000000DDH.1 DATA     BIT       T3x12
*SFR* 000000DDH.6 DATA     BIT       T4_CT
*SFR* 000000DDH.4 DATA     BIT       T4CLKO
*SFR* 000000D2H   DATA     BYTE      T4H
*SFR* 000000D3H   DATA     BYTE      T4L
*SFR* 000000DDH.7 DATA     BIT       T4R
*SFR* 000000DDH   DATA     BYTE      T4T3M
*SFR* 000000DDH.5 DATA     BIT       T4x12
*SFR* 00000088H   DATA     BYTE      TCON
*DEL*:00000000H   CODE     ---       test01
*SFR* 0000008CH   DATA     BYTE      TH0
*SFR* 0000008DH   DATA     BYTE      TH1
      00FF0015H   CODE     ---       Timer0_ISR_Handler
L251 LINKER/LOCATER V4.66.93.0                                                        06/02/2026  18:42:57  PAGE 8


      00FF0003H   CODE     ---       Timer1_ISR_Handler
      00FF000EH   CODE     ---       Timer2_ISR_Handler
      00FF10CAH   CODE     ---       Timer3_ISR_Handler
      00FF10D1H   CODE     ---       Timer4_ISR_Handler
      00FF0066H   CODE     ---       Timer_config
      00FF0AA9H   CODE     ---       Timer_Inilize
*SFR* 0000008AH   DATA     BYTE      TL0
*SFR* 0000008BH   DATA     BYTE      TL1
*SFR* 00000089H   DATA     BYTE      TMOD
*SFR* 00000088H.4 DATA     BIT       TR0
*SFR* 00000088H.6 DATA     BIT       TR1
*DEL*:00000000H   CODE     ---       UpdateHSPwm
      00FF0CC2H   CODE     ---       UpdatePwm
*SFR* 000000F4H   DATA     BYTE      USBCON
*SFR* 000000C1H   DATA     BYTE      WDT_CONTR
*DEL*:00000000H   CODE     ---       WritePWMA
*DEL*:00000000H   CODE     ---       WritePWMB
*SFR* 000000E9H   DATA     BYTE      WTST
*SFR* 00000080H.1 DATA     BIT       you1
*SFR* 00000080H.0 DATA     BIT       you2
*SFR* 00000080H.2 DATA     BIT       zhong
*SFR* 00000080H.4 DATA     BIT       zuo1
*SFR* 00000080H.3 DATA     BIT       zuo2



SYMBOL TABLE OF MODULE:  .\list\PWM (main)

      VALUE       REP       CLASS    TYPE      SYMBOL NAME
      ====================================================
      ---         MODULE    ---      ---       main
      00FF000AH   PUBLIC    CODE     ---       GPIO_config
      00FF00A6H   PUBLIC    CODE     ---       PWM_Run
      00FF06F8H   PUBLIC    CODE     ---       main
      00FF0FDDH   PUBLIC    CODE     ---       PWM_config
      00FF00BEH   PUBLIC    CODE     ---       PWM_Right
      00FF0066H   PUBLIC    CODE     ---       Timer_config
      00FF10B7H   PUBLIC    CODE     ---       PWM_Left
      00000020H.0 PUBLIC    BIT      BIT       PWM5_Flag
      00000020H.1 PUBLIC    BIT      BIT       PWM6_Flag
      00000008H   PUBLIC    EDATA    WORD      PWM_Period
      0000000AH   PUBLIC    EDATA    ---       PWMB_Duty
      00000094H   SFRSYM    DATA     BYTE      P0M0
      000000D0H   SFRSYM    DATA     BYTE      PSW
      000000BAH.7 SFRSYM    DATA     BIT       EAXFR
      0000009DH   SFRSYM    DATA     BYTE      IRCBAND
      00000097H   SFRSYM    DATA     BYTE      AUXR2
      000000EAH   SFRSYM    DATA     BYTE      CKCON
      000000EFH   SFRSYM    DATA     BYTE      AUXINTIF
      000000FDH   SFRSYM    DATA     BYTE      S4CON
      000000ACH   SFRSYM    DATA     BYTE      S3CON
      0000009AH   SFRSYM    DATA     BYTE      S2CON
      000000B7H   SFRSYM    DATA     BYTE      IPH
      000000CDH   SFRSYM    DATA     BYTE      SPSTAT
      000000DDH   SFRSYM    DATA     BYTE      T4T3M
      000000C1H   SFRSYM    DATA     BYTE      WDT_CONTR
      000000E9H   SFRSYM    DATA     BYTE      WTST
      000000DFH   SFRSYM    DATA     BYTE      IP3
      000000F4H   SFRSYM    DATA     BYTE      USBCON
      000000B5H   SFRSYM    DATA     BYTE      IP2
      000000FFH   SFRSYM    DATA     BYTE      RSTCFG
      000000C7H   SFRSYM    DATA     BYTE      IAP_CONTR
      000000F9H   SFRSYM    DATA     BYTE      LINICR
      0000008EH   SFRSYM    DATA     BYTE      AUXR
      000000AFH   SFRSYM    DATA     BYTE      IE2
L251 LINKER/LOCATER V4.66.93.0                                                        06/02/2026  18:42:57  PAGE 9


      00000088H   SFRSYM    DATA     BYTE      TCON
      00000089H   SFRSYM    DATA     BYTE      TMOD
      00000098H   SFRSYM    DATA     BYTE      SCON
      000000F1H   SFRSYM    DATA     BYTE      CANICR
      00000087H   SFRSYM    DATA     BYTE      PCON
      000000BCH   SFRSYM    DATA     BYTE      ADC_CONTR
      000000E7H   SFRSYM    DATA     BYTE      CMPCR2
      00000080H.2 SFRSYM    DATA     BIT       zhong
      000000E6H   SFRSYM    DATA     BYTE      CMPCR1
      000000DEH   SFRSYM    DATA     BYTE      ADCCFG
      000000B8H   SFRSYM    DATA     BYTE      IP
      0000008FH   SFRSYM    DATA     BYTE      INTCLKO
      000000EEH   SFRSYM    DATA     BYTE      IP3H
      000000B6H   SFRSYM    DATA     BYTE      IP2H
      00000080H.3 SFRSYM    DATA     BIT       zuo2
      00000080H.4 SFRSYM    DATA     BIT       zuo1
      00000080H.0 SFRSYM    DATA     BIT       you2
      00000080H.1 SFRSYM    DATA     BIT       you1
      000000A8H   SFRSYM    DATA     BYTE      IE
      000000BBH   SFRSYM    DATA     BYTE      P_SW3
      000000BAH   SFRSYM    DATA     BYTE      P_SW2
      000000A2H   SFRSYM    DATA     BYTE      P_SW1
      000000A0H.6 SFRSYM    DATA     BIT       BIN2
      000000A0H.7 SFRSYM    DATA     BIT       AIN2
      000000A0H.5 SFRSYM    DATA     BIT       BIN1
      000000C0H.5 SFRSYM    DATA     BIT       AIN1
      000000C0H.4 SFRSYM    DATA     BIT       LED3
      000000CEH   SFRSYM    DATA     BYTE      SPCTL
      000000C0H.2 SFRSYM    DATA     BIT       LED2
      000000F8H   SFRSYM    DATA     BYTE      P7
      000000C0H.1 SFRSYM    DATA     BIT       LED1
      000000A8H.7 SFRSYM    DATA     BIT       EA
      000000E8H   SFRSYM    DATA     BYTE      P6
      000000C8H   SFRSYM    DATA     BYTE      P5
      000000C0H   SFRSYM    DATA     BYTE      P4
      000000B0H   SFRSYM    DATA     BYTE      P3
      000000B3H   SFRSYM    DATA     BYTE      P4M1
      000000A0H   SFRSYM    DATA     BYTE      P2
      000000B4H   SFRSYM    DATA     BYTE      P4M0
      00000090H   SFRSYM    DATA     BYTE      P1
      00000095H   SFRSYM    DATA     BYTE      P2M1
      00000080H   SFRSYM    DATA     BYTE      P0
      00000091H   SFRSYM    DATA     BYTE      P1M1
      00000096H   SFRSYM    DATA     BYTE      P2M0
      00000092H   SFRSYM    DATA     BYTE      P1M0
      00000093H   SFRSYM    DATA     BYTE      P0M1

      00FF000AH   BLOCK     CODE     ---       LVL=0
      00FF000AH   LINE      CODE     ---       #36
      00FF000AH   LINE      CODE     ---       #39
      ---         BLOCKEND  ---      ---       LVL=0

      00FF0066H   BLOCK     CODE     ---       LVL=0
      00000021H   SYMBOL    EDATA    ---       TIM_InitStructure
      00FF0066H   LINE      CODE     ---       #42
      00FF0066H   LINE      CODE     ---       #43
      00FF0066H   LINE      CODE     ---       #45
      00FF006BH   LINE      CODE     ---       #46
      00FF0071H   LINE      CODE     ---       #47
      00FF0076H   LINE      CODE     ---       #48
      00FF007EH   LINE      CODE     ---       #49
      00FF0082H   LINE      CODE     ---       #50
      00FF0088H   LINE      CODE     ---       #51
      00FF0090H   LINE      CODE     ---       #52
      ---         BLOCKEND  ---      ---       LVL=0
L251 LINKER/LOCATER V4.66.93.0                                                        06/02/2026  18:42:57  PAGE 10



      00FF0FDDH   BLOCK     CODE     ---       LVL=0
      00000021H   SYMBOL    EDATA    ---       PWMx_InitStructure
      00FF0FDDH   LINE      CODE     ---       #56
      00FF0FDDH   LINE      CODE     ---       #57
      00FF0FDDH   LINE      CODE     ---       #60
      00FF0FE3H   LINE      CODE     ---       #61
      00FF0FEBH   LINE      CODE     ---       #62
      00FF0FF1H   LINE      CODE     ---       #63
      00FF0FFAH   LINE      CODE     ---       #65
      00FF1000H   LINE      CODE     ---       #66
      00FF1008H   LINE      CODE     ---       #67
      00FF100EH   LINE      CODE     ---       #68
      00FF1017H   LINE      CODE     ---       #70
      00FF101FH   LINE      CODE     ---       #71
      00FF1024H   LINE      CODE     ---       #72
      00FF102AH   LINE      CODE     ---       #73
      00FF102EH   LINE      CODE     ---       #74
      00FF1037H   LINE      CODE     ---       #76
      00FF1047H   LINE      CODE     ---       #77
      00FF104FH   LINE      CODE     ---       #78
      ---         BLOCKEND  ---      ---       LVL=0

      00FF10B7H   BLOCK     CODE     ---       LVL=0
      WR2         REGSYM    ---      INT       pwm
      00FF10B7H   LINE      CODE     ---       #81
      00FF10B9H   LINE      CODE     ---       #83
      00FF10C9H   LINE      CODE     ---       #84
      ---         BLOCKEND  ---      ---       LVL=0

      00FF00BEH   BLOCK     CODE     ---       LVL=0
      WR2         REGSYM    ---      INT       pwm
      00FF00BEH   LINE      CODE     ---       #86
      00FF00C0H   LINE      CODE     ---       #88
      00FF00D0H   LINE      CODE     ---       #89
      ---         BLOCKEND  ---      ---       LVL=0

      00FF00A6H   BLOCK     CODE     ---       LVL=0
      WR6         REGSYM    ---      INT       pwm1
      WR14        REGSYM    ---      INT       pwm2
      00FF00A6H   LINE      CODE     ---       #91
      00FF00AAH   LINE      CODE     ---       #93
      00FF00ADH   LINE      CODE     ---       #94
      00FF00B2H   LINE      CODE     ---       #95
      00FF00BBH   LINE      CODE     ---       #96
      ---         BLOCKEND  ---      ---       LVL=0

      00FF06F8H   BLOCK     CODE     ---       LVL=0
      WR14        REGSYM    ---      INT       i
      00FF06F8H   LINE      CODE     ---       #110
      00FF06F8H   LINE      CODE     ---       #111
      00FF06F8H   LINE      CODE     ---       #113
      00FF06FBH   LINE      CODE     ---       #114
      00FF06FEH   LINE      CODE     ---       #115
      00FF0701H   LINE      CODE     ---       #117
      00FF0704H   LINE      CODE     ---       #118
      00FF0707H   LINE      CODE     ---       #119
      00FF070AH   LINE      CODE     ---       #122
      00FF070DH   LINE      CODE     ---       #123
      00FF0710H   LINE      CODE     ---       #124
      00FF0713H   LINE      CODE     ---       #125
      00FF0716H   LINE      CODE     ---       #126
      00FF0719H   LINE      CODE     ---       #127
      00FF071CH   LINE      CODE     ---       #128
      00FF071FH   LINE      CODE     ---       #129
L251 LINKER/LOCATER V4.66.93.0                                                        06/02/2026  18:42:57  PAGE 11


      00FF0722H   LINE      CODE     ---       #130
      00FF0724H   LINE      CODE     ---       #132
      00FF0726H   LINE      CODE     ---       #133
      00FF0728H   LINE      CODE     ---       #134
      00FF072AH   LINE      CODE     ---       #135
      00FF072CH   LINE      CODE     ---       #136
      00FF072EH   LINE      CODE     ---       #137
      00FF0732H   LINE      CODE     ---       #139
      00FF073DH   LINE      CODE     ---       #140
      00FF0748H   LINE      CODE     ---       #141
      00FF0753H   LINE      CODE     ---       #142
      00FF075BH   LINE      CODE     ---       #143
      00FF075BH   LINE      CODE     ---       #145
      00FF077CH   LINE      CODE     ---       #147
      00FF0780H   LINE      CODE     ---       #148
      00FF0780H   LINE      CODE     ---       #149
      00FF0782H   LINE      CODE     ---       #150
      00FF07A3H   LINE      CODE     ---       #152
      00FF07A9H   LINE      CODE     ---       #153
      00FF07A9H   LINE      CODE     ---       #154
      00FF07ACH   LINE      CODE     ---       #155
      00FF07CCH   LINE      CODE     ---       #157
      00FF07D2H   LINE      CODE     ---       #158
      00FF07D2H   LINE      CODE     ---       #159
      00FF07D5H   LINE      CODE     ---       #160
      00FF07F5H   LINE      CODE     ---       #162
      00FF07FBH   LINE      CODE     ---       #163
      00FF07FBH   LINE      CODE     ---       #164
      00FF07FEH   LINE      CODE     ---       #165
      00FF081EH   LINE      CODE     ---       #167
      00FF0826H   LINE      CODE     ---       #168
      00FF0826H   LINE      CODE     ---       #169
      00FF0828H   LINE      CODE     ---       #170
      00FF0848H   LINE      CODE     ---       #172
      00FF084EH   LINE      CODE     ---       #173
      00FF084EH   LINE      CODE     ---       #174
      00FF0850H   LINE      CODE     ---       #175
      00FF0870H   LINE      CODE     ---       #177
      00FF0876H   LINE      CODE     ---       #178
      00FF0876H   LINE      CODE     ---       #179
      00FF0878H   LINE      CODE     ---       #180
      00FF0898H   LINE      CODE     ---       #182
      00FF08A3H   LINE      CODE     ---       #183
      00FF08A7H   LINE      CODE     ---       #184
      00FF08AAH   LINE      CODE     ---       #185
      00FF08C9H   LINE      CODE     ---       #187
      00FF08C9H   LINE      CODE     ---       #188
      00FF08CCH   LINE      CODE     ---       #189
      00FF08EBH   LINE      CODE     ---       #191
      00FF08F3H   LINE      CODE     ---       #192
      00FF08F6H   LINE      CODE     ---       #193
      00FF0915H   LINE      CODE     ---       #195
      00FF091BH   LINE      CODE     ---       #196
      00FF091EH   LINE      CODE     ---       #197
      00FF093DH   LINE      CODE     ---       #199
      00FF0945H   LINE      CODE     ---       #200
      00FF0948H   LINE      CODE     ---       #201
      00FF095DH   LINE      CODE     ---       #203
      00FF0966H   LINE      CODE     ---       #204
      00FF096DH   LINE      CODE     ---       #205
      00FF0970H   LINE      CODE     ---       #206
      00FF0997H   LINE      CODE     ---       #208
      00FF099DH   LINE      CODE     ---       #209
      00FF09A0H   LINE      CODE     ---       #210
      00FF09C2H   LINE      CODE     ---       #212
L251 LINKER/LOCATER V4.66.93.0                                                        06/02/2026  18:42:57  PAGE 12


      00FF09C8H   LINE      CODE     ---       #213
      00FF09CBH   LINE      CODE     ---       #214
      00FF09EBH   LINE      CODE     ---       #216
      00FF09F1H   LINE      CODE     ---       #217
      00FF09F3H   LINE      CODE     ---       #218
      00FF0A13H   LINE      CODE     ---       #220
      00FF0A19H   LINE      CODE     ---       #221
      00FF0A1BH   LINE      CODE     ---       #222
      00FF0A3AH   LINE      CODE     ---       #224
      00FF0A40H   LINE      CODE     ---       #225
      00FF0A42H   LINE      CODE     ---       #226
      00FF0A60H   LINE      CODE     ---       #228
      00FF0A69H   LINE      CODE     ---       #229
      00FF0A69H   LINE      CODE     ---       #231
      00FF0A8CH   LINE      CODE     ---       #233
      00FF0A8EH   LINE      CODE     ---       #234
      00FF0A90H   LINE      CODE     ---       #235
      00FF0A92H   LINE      CODE     ---       #236
      00FF0A94H   LINE      CODE     ---       #237
      00FF0A9BH   LINE      CODE     ---       #238
      00FF0A9EH   LINE      CODE     ---       #241
      00FF0AA0H   LINE      CODE     ---       #242
      00FF0AA2H   LINE      CODE     ---       #243
      00FF0AA4H   LINE      CODE     ---       #244
      00FF0AA6H   LINE      CODE     ---       #245
      00FF0AA6H   LINE      CODE     ---       #248
      ---         BLOCKEND  ---      ---       LVL=0

      ---         MODULE    ---      ---       STC32G_GPIO
      00000094H   SFRSYM    DATA     BYTE      P0M0
      000000D0H   SFRSYM    DATA     BYTE      PSW
      0000009DH   SFRSYM    DATA     BYTE      IRCBAND
      00000097H   SFRSYM    DATA     BYTE      AUXR2
      000000EFH   SFRSYM    DATA     BYTE      AUXINTIF
      000000FDH   SFRSYM    DATA     BYTE      S4CON
      000000ACH   SFRSYM    DATA     BYTE      S3CON
      0000009AH   SFRSYM    DATA     BYTE      S2CON
      000000B7H   SFRSYM    DATA     BYTE      IPH
      000000CDH   SFRSYM    DATA     BYTE      SPSTAT
      000000DDH   SFRSYM    DATA     BYTE      T4T3M
      000000C1H   SFRSYM    DATA     BYTE      WDT_CONTR
      000000DFH   SFRSYM    DATA     BYTE      IP3
      000000F4H   SFRSYM    DATA     BYTE      USBCON
      000000B5H   SFRSYM    DATA     BYTE      IP2
      000000FFH   SFRSYM    DATA     BYTE      RSTCFG
      000000C7H   SFRSYM    DATA     BYTE      IAP_CONTR
      000000F9H   SFRSYM    DATA     BYTE      LINICR
      0000008EH   SFRSYM    DATA     BYTE      AUXR
      000000AFH   SFRSYM    DATA     BYTE      IE2
      00000088H   SFRSYM    DATA     BYTE      TCON
      00000089H   SFRSYM    DATA     BYTE      TMOD
      00000098H   SFRSYM    DATA     BYTE      SCON
      000000F1H   SFRSYM    DATA     BYTE      CANICR
      00000087H   SFRSYM    DATA     BYTE      PCON
      000000BCH   SFRSYM    DATA     BYTE      ADC_CONTR
      000000E7H   SFRSYM    DATA     BYTE      CMPCR2
      000000E6H   SFRSYM    DATA     BYTE      CMPCR1
      000000DEH   SFRSYM    DATA     BYTE      ADCCFG
      000000B8H   SFRSYM    DATA     BYTE      IP
      0000008FH   SFRSYM    DATA     BYTE      INTCLKO
      000000EEH   SFRSYM    DATA     BYTE      IP3H
      000000B6H   SFRSYM    DATA     BYTE      IP2H
      000000A8H   SFRSYM    DATA     BYTE      IE
      000000BBH   SFRSYM    DATA     BYTE      P_SW3
      000000BAH   SFRSYM    DATA     BYTE      P_SW2
L251 LINKER/LOCATER V4.66.93.0                                                        06/02/2026  18:42:57  PAGE 13


      000000A2H   SFRSYM    DATA     BYTE      P_SW1
      000000CEH   SFRSYM    DATA     BYTE      SPCTL
      000000F8H   SFRSYM    DATA     BYTE      P7
      000000E1H   SFRSYM    DATA     BYTE      P7M1
      000000E8H   SFRSYM    DATA     BYTE      P6
      000000C8H   SFRSYM    DATA     BYTE      P5
      000000CBH   SFRSYM    DATA     BYTE      P6M1
      000000E2H   SFRSYM    DATA     BYTE      P7M0
      000000C0H   SFRSYM    DATA     BYTE      P4
      000000C9H   SFRSYM    DATA     BYTE      P5M1
      000000CCH   SFRSYM    DATA     BYTE      P6M0
      000000B0H   SFRSYM    DATA     BYTE      P3
      000000B3H   SFRSYM    DATA     BYTE      P4M1
      000000CAH   SFRSYM    DATA     BYTE      P5M0
      000000A0H   SFRSYM    DATA     BYTE      P2
      000000B1H   SFRSYM    DATA     BYTE      P3M1
      000000B4H   SFRSYM    DATA     BYTE      P4M0
      00000090H   SFRSYM    DATA     BYTE      P1
      00000095H   SFRSYM    DATA     BYTE      P2M1
      000000B2H   SFRSYM    DATA     BYTE      P3M0
      00000080H   SFRSYM    DATA     BYTE      P0
      00000091H   SFRSYM    DATA     BYTE      P1M1
      00000096H   SFRSYM    DATA     BYTE      P2M0
      00000092H   SFRSYM    DATA     BYTE      P1M0
      00000093H   SFRSYM    DATA     BYTE      P0M1
      R10         REGSYM    ---      BYTE      GPIO
      REG=0       REGSYM    ---      ---       GPIOx

      ---         MODULE    ---      ---       STC32G_NVIC
      00FF1058H   PUBLIC    CODE     ---       NVIC_Timer0_Init
      00FF0E3DH   PUBLIC    CODE     ---       NVIC_PWM_Init
      000000F9H.3 SFRSYM    DATA     BIT       PLINH
      000000D0H   SFRSYM    DATA     BYTE      PSW
      000000B6H.5 SFRSYM    DATA     BIT       PCMPH
      0000009DH   SFRSYM    DATA     BYTE      IRCBAND
      00000097H   SFRSYM    DATA     BYTE      AUXR2
      000000F9H.1 SFRSYM    DATA     BIT       LINIE
      000000F1H.0 SFRSYM    DATA     BIT       PCANL
      000000B7H.4 SFRSYM    DATA     BIT       PSH
      000000EFH   SFRSYM    DATA     BYTE      AUXINTIF
      000000F1H.3 SFRSYM    DATA     BIT       PCANH
      000000FDH   SFRSYM    DATA     BYTE      S4CON
      000000ACH   SFRSYM    DATA     BYTE      S3CON
      0000009AH   SFRSYM    DATA     BYTE      S2CON
      000000B7H   SFRSYM    DATA     BYTE      IPH
      000000B7H.5 SFRSYM    DATA     BIT       PADCH
      000000CDH   SFRSYM    DATA     BYTE      SPSTAT
      000000F1H.1 SFRSYM    DATA     BIT       CANIE
      000000E6H.5 SFRSYM    DATA     BIT       PIE
      000000DDH   SFRSYM    DATA     BYTE      T4T3M
      000000E6H.4 SFRSYM    DATA     BIT       NIE
      000000B8H.2 SFRSYM    DATA     BIT       PX1
      000000B8H.0 SFRSYM    DATA     BIT       PX0
      000000C1H   SFRSYM    DATA     BYTE      WDT_CONTR
      000000DFH.1 SFRSYM    DATA     BIT       PS4
      000000DFH.0 SFRSYM    DATA     BIT       PS3
      000000B5H.0 SFRSYM    DATA     BIT       PS2
      000000B8H.3 SFRSYM    DATA     BIT       PT1
      000000B8H.1 SFRSYM    DATA     BIT       PT0
      0000008FH.6 SFRSYM    DATA     BIT       EX4
      0000008FH.5 SFRSYM    DATA     BIT       EX3
      000000B6H.3 SFRSYM    DATA     BIT       PPWMBH
      0000008FH.4 SFRSYM    DATA     BIT       EX2
      000000B6H.2 SFRSYM    DATA     BIT       PPWMAH
      000000A8H.2 SFRSYM    DATA     BIT       EX1
L251 LINKER/LOCATER V4.66.93.0                                                        06/02/2026  18:42:57  PAGE 14


      000000A8H.0 SFRSYM    DATA     BIT       EX0
      000000AFH.6 SFRSYM    DATA     BIT       ET4
      000000AFH.5 SFRSYM    DATA     BIT       ET3
      000000AFH.4 SFRSYM    DATA     BIT       ES4
      000000DFH   SFRSYM    DATA     BYTE      IP3
      000000F4H   SFRSYM    DATA     BYTE      USBCON
      000000AFH.3 SFRSYM    DATA     BIT       ES3
      000000AFH.2 SFRSYM    DATA     BIT       ET2
      000000B5H   SFRSYM    DATA     BYTE      IP2
      000000FFH   SFRSYM    DATA     BYTE      RSTCFG
      000000A8H.3 SFRSYM    DATA     BIT       ET1
      000000AFH.0 SFRSYM    DATA     BIT       ES2
      000000A8H.1 SFRSYM    DATA     BIT       ET0
      000000C7H   SFRSYM    DATA     BYTE      IAP_CONTR
      000000F9H   SFRSYM    DATA     BYTE      LINICR
      0000008EH   SFRSYM    DATA     BYTE      AUXR
      000000AFH   SFRSYM    DATA     BYTE      IE2
      000000B5H.1 SFRSYM    DATA     BIT       PSPI
      000000DFH.2 SFRSYM    DATA     BIT       PRTC
      00000088H   SFRSYM    DATA     BYTE      TCON
      00000089H   SFRSYM    DATA     BYTE      TMOD
      00000098H   SFRSYM    DATA     BYTE      SCON
      000000AFH.1 SFRSYM    DATA     BIT       ESPI
      000000F1H   SFRSYM    DATA     BYTE      CANICR
      00000087H   SFRSYM    DATA     BYTE      PCON
      000000B5H.5 SFRSYM    DATA     BIT       PCMP
      000000BCH   SFRSYM    DATA     BYTE      ADC_CONTR
      000000E7H   SFRSYM    DATA     BYTE      CMPCR2
      000000E6H   SFRSYM    DATA     BYTE      CMPCR1
      000000B8H.4 SFRSYM    DATA     BIT       PS
      000000B7H.2 SFRSYM    DATA     BIT       PX1H
      000000F1H.4 SFRSYM    DATA     BIT       PCAN2L
      000000B7H.0 SFRSYM    DATA     BIT       PX0H
      000000EEH.1 SFRSYM    DATA     BIT       PS4H
      000000EEH.0 SFRSYM    DATA     BIT       PS3H
      000000B6H.0 SFRSYM    DATA     BIT       PS2H
      000000B7H.3 SFRSYM    DATA     BIT       PT1H
      000000F1H.7 SFRSYM    DATA     BIT       PCAN2H
      000000B7H.1 SFRSYM    DATA     BIT       PT0H
      000000DEH   SFRSYM    DATA     BYTE      ADCCFG
      000000B8H   SFRSYM    DATA     BYTE      IP
      000000B8H.5 SFRSYM    DATA     BIT       PADC
      000000A8H.4 SFRSYM    DATA     BIT       ES
      0000008FH   SFRSYM    DATA     BYTE      INTCLKO
      000000EEH   SFRSYM    DATA     BYTE      IP3H
      000000B6H   SFRSYM    DATA     BYTE      IP2H
      000000F1H.5 SFRSYM    DATA     BIT       CAN2IE
      000000A8H   SFRSYM    DATA     BYTE      IE
      000000A8H.5 SFRSYM    DATA     BIT       EADC
      000000BBH   SFRSYM    DATA     BYTE      P_SW3
      000000BAH   SFRSYM    DATA     BYTE      P_SW2
      000000A2H   SFRSYM    DATA     BYTE      P_SW1
      000000B5H.3 SFRSYM    DATA     BIT       PPWMB
      000000CEH   SFRSYM    DATA     BYTE      SPCTL
      000000B5H.2 SFRSYM    DATA     BIT       PPWMA
      000000F8H   SFRSYM    DATA     BYTE      P7
      000000B6H.1 SFRSYM    DATA     BIT       PSPIH
      000000E8H   SFRSYM    DATA     BYTE      P6
      000000C8H   SFRSYM    DATA     BYTE      P5
      000000C0H   SFRSYM    DATA     BYTE      P4
      000000B0H   SFRSYM    DATA     BYTE      P3
      000000EEH.2 SFRSYM    DATA     BIT       PRTCH
      000000A0H   SFRSYM    DATA     BYTE      P2
      00000090H   SFRSYM    DATA     BYTE      P1
      000000F9H.0 SFRSYM    DATA     BIT       PLINL
L251 LINKER/LOCATER V4.66.93.0                                                        06/02/2026  18:42:57  PAGE 15


      00000080H   SFRSYM    DATA     BYTE      P0

      00FF1058H   BLOCK     CODE     ---       LVL=0
      R7          REGSYM    ---      BYTE      State
      R6          REGSYM    ---      BYTE      Priority
      00FF1058H   LINE      CODE     ---       #24
      00FF105CH   LINE      CODE     ---       #26
      00FF1070H   LINE      CODE     ---       #27
      00FF109EH   LINE      CODE     ---       #28
      00FF109FH   LINE      CODE     ---       #29
      ---         BLOCKEND  ---      ---       LVL=0
      R7          REGSYM    ---      BYTE      State
      R6          REGSYM    ---      BYTE      Priority
      R7          REGSYM    ---      BYTE      State
      R7          REGSYM    ---      BYTE      State
      R7          REGSYM    ---      BYTE      State
      R7          REGSYM    ---      BYTE      State
      R6          REGSYM    ---      BYTE      Priority
      R7          REGSYM    ---      BYTE      State
      R6          REGSYM    ---      BYTE      Priority
      R7          REGSYM    ---      BYTE      State
      R7          REGSYM    ---      BYTE      State
      R7          REGSYM    ---      BYTE      State
      R7          REGSYM    ---      BYTE      State
      R6          REGSYM    ---      BYTE      Priority
      R7          REGSYM    ---      BYTE      State
      R10         REGSYM    ---      BYTE      Priority
      R3          REGSYM    ---      BYTE      Mode
      R10         REGSYM    ---      BYTE      State
      R2          REGSYM    ---      BYTE      Priority
      R7          REGSYM    ---      BYTE      State
      R6          REGSYM    ---      BYTE      Priority
      R7          REGSYM    ---      BYTE      State
      R6          REGSYM    ---      BYTE      Priority
      R7          REGSYM    ---      BYTE      State
      R6          REGSYM    ---      BYTE      Priority
      R7          REGSYM    ---      BYTE      State
      R6          REGSYM    ---      BYTE      Priority
      R7          REGSYM    ---      BYTE      State
      R6          REGSYM    ---      BYTE      Priority
      R3          REGSYM    ---      BYTE      State
      R10         REGSYM    ---      BYTE      Priority

      00FF0E3DH   BLOCK     CODE     ---       LVL=0
      R6          REGSYM    ---      BYTE      Channel
      R3          REGSYM    ---      BYTE      State
      R2          REGSYM    ---      BYTE      Priority
      00FF0E3DH   LINE      CODE     ---       #329
      00FF0E43H   LINE      CODE     ---       #331
      00FF0E4BH   LINE      CODE     ---       #332
      00FF0E53H   LINE      CODE     ---       #333
      00FF0E5CH   LINE      CODE     ---       #335
      00FF0E5CH   LINE      CODE     ---       #336
      00FF0E67H   LINE      CODE     ---       #337
      00FF0E8FH   LINE      CODE     ---       #338
      00FF0E91H   LINE      CODE     ---       #340
      00FF0E91H   LINE      CODE     ---       #341
      00FF0E9CH   LINE      CODE     ---       #342
      00FF0EC4H   LINE      CODE     ---       #343
      00FF0EC6H   LINE      CODE     ---       #345
      00FF0EC6H   LINE      CODE     ---       #346
      00FF0ED1H   LINE      CODE     ---       #347
      00FF0ED1H   LINE      CODE     ---       #348
      00FF0ED1H   LINE      CODE     ---       #349
      00FF0ED1H   LINE      CODE     ---       #350
L251 LINKER/LOCATER V4.66.93.0                                                        06/02/2026  18:42:57  PAGE 16


      00FF0ED2H   LINE      CODE     ---       #351
      ---         BLOCKEND  ---      ---       LVL=0
      R9          REGSYM    ---      BYTE      State
      R3          REGSYM    ---      BYTE      Priority
      R10         REGSYM    ---      BYTE      Bus_Priority
      R9          REGSYM    ---      BYTE      State
      R3          REGSYM    ---      BYTE      Priority
      R10         REGSYM    ---      BYTE      Bus_Priority
      R9          REGSYM    ---      BYTE      State
      R3          REGSYM    ---      BYTE      Priority
      R10         REGSYM    ---      BYTE      Bus_Priority
      R9          REGSYM    ---      BYTE      State
      R3          REGSYM    ---      BYTE      Priority
      R10         REGSYM    ---      BYTE      Bus_Priority
      R9          REGSYM    ---      BYTE      State
      R3          REGSYM    ---      BYTE      Priority
      R10         REGSYM    ---      BYTE      Bus_Priority
      R9          REGSYM    ---      BYTE      State
      R3          REGSYM    ---      BYTE      Priority
      R10         REGSYM    ---      BYTE      Bus_Priority
      R9          REGSYM    ---      BYTE      State
      R3          REGSYM    ---      BYTE      Priority
      R10         REGSYM    ---      BYTE      Bus_Priority
      R9          REGSYM    ---      BYTE      State
      R3          REGSYM    ---      BYTE      Priority
      R10         REGSYM    ---      BYTE      Bus_Priority
      R9          REGSYM    ---      BYTE      State
      R3          REGSYM    ---      BYTE      Priority
      R10         REGSYM    ---      BYTE      Bus_Priority
      R9          REGSYM    ---      BYTE      State
      R3          REGSYM    ---      BYTE      Priority
      R10         REGSYM    ---      BYTE      Bus_Priority
      R9          REGSYM    ---      BYTE      State
      R3          REGSYM    ---      BYTE      Priority
      R10         REGSYM    ---      BYTE      Bus_Priority
      R9          REGSYM    ---      BYTE      State
      R3          REGSYM    ---      BYTE      Priority
      R10         REGSYM    ---      BYTE      Bus_Priority
      R9          REGSYM    ---      BYTE      State
      R10         REGSYM    ---      BYTE      Priority
      R9          REGSYM    ---      BYTE      State
      R3          REGSYM    ---      BYTE      Priority
      R10         REGSYM    ---      BYTE      Bus_Priority
      R9          REGSYM    ---      BYTE      State
      R3          REGSYM    ---      BYTE      Priority
      R10         REGSYM    ---      BYTE      Bus_Priority
      R11         REGSYM    ---      BYTE      Channel
      R10         REGSYM    ---      BYTE      State
      R6          REGSYM    ---      BYTE      Priority
      R7          REGSYM    ---      BYTE      State
      R6          REGSYM    ---      BYTE      Priority

      ---         MODULE    ---      ---       STC32G_PWM
      00FF0CC2H   PUBLIC    CODE     ---       UpdatePwm
      00FF00DEH   PUBLIC    CODE     ---       PWM_Configuration
      000000D0H   SFRSYM    DATA     BYTE      PSW
      0000009DH   SFRSYM    DATA     BYTE      IRCBAND
      00000097H   SFRSYM    DATA     BYTE      AUXR2
      000000EFH   SFRSYM    DATA     BYTE      AUXINTIF
      000000FDH   SFRSYM    DATA     BYTE      S4CON
      000000ACH   SFRSYM    DATA     BYTE      S3CON
      0000009AH   SFRSYM    DATA     BYTE      S2CON
      000000B7H   SFRSYM    DATA     BYTE      IPH
      000000CDH   SFRSYM    DATA     BYTE      SPSTAT
      000000DDH   SFRSYM    DATA     BYTE      T4T3M
L251 LINKER/LOCATER V4.66.93.0                                                        06/02/2026  18:42:57  PAGE 17


      000000C1H   SFRSYM    DATA     BYTE      WDT_CONTR
      000000DFH   SFRSYM    DATA     BYTE      IP3
      000000F4H   SFRSYM    DATA     BYTE      USBCON
      000000B5H   SFRSYM    DATA     BYTE      IP2
      000000FFH   SFRSYM    DATA     BYTE      RSTCFG
      000000C7H   SFRSYM    DATA     BYTE      IAP_CONTR
      000000F9H   SFRSYM    DATA     BYTE      LINICR
      0000008EH   SFRSYM    DATA     BYTE      AUXR
      000000AFH   SFRSYM    DATA     BYTE      IE2
      00000088H   SFRSYM    DATA     BYTE      TCON
      00000089H   SFRSYM    DATA     BYTE      TMOD
      00000098H   SFRSYM    DATA     BYTE      SCON
      000000F1H   SFRSYM    DATA     BYTE      CANICR
      00000087H   SFRSYM    DATA     BYTE      PCON
      000000BCH   SFRSYM    DATA     BYTE      ADC_CONTR
      000000E7H   SFRSYM    DATA     BYTE      CMPCR2
      000000E6H   SFRSYM    DATA     BYTE      CMPCR1
      000000DEH   SFRSYM    DATA     BYTE      ADCCFG
      000000B8H   SFRSYM    DATA     BYTE      IP
      0000008FH   SFRSYM    DATA     BYTE      INTCLKO
      000000EEH   SFRSYM    DATA     BYTE      IP3H
      000000B6H   SFRSYM    DATA     BYTE      IP2H
      000000A8H   SFRSYM    DATA     BYTE      IE
      000000BBH   SFRSYM    DATA     BYTE      P_SW3
      000000BAH   SFRSYM    DATA     BYTE      P_SW2
      000000A2H   SFRSYM    DATA     BYTE      P_SW1
      000000CEH   SFRSYM    DATA     BYTE      SPCTL
      000000F8H   SFRSYM    DATA     BYTE      P7
      000000E8H   SFRSYM    DATA     BYTE      P6
      000000C8H   SFRSYM    DATA     BYTE      P5
      000000C0H   SFRSYM    DATA     BYTE      P4
      000000B0H   SFRSYM    DATA     BYTE      P3
      000000A0H   SFRSYM    DATA     BYTE      P2
      00000090H   SFRSYM    DATA     BYTE      P1
      00000080H   SFRSYM    DATA     BYTE      P0

      00FF00DEH   BLOCK     CODE     ---       LVL=0
      R7          REGSYM    ---      BYTE      PWM
      REG=7       REGSYM    ---      ---       PWMx
      00FF00DEH   LINE      CODE     ---       #23
      00FF00E2H   LINE      CODE     ---       #25
      00FF00EBH   LINE      CODE     ---       #27
      00FF00FBH   LINE      CODE     ---       #28
      00FF0103H   LINE      CODE     ---       #29
      00FF0113H   LINE      CODE     ---       #30
      00FF0121H   LINE      CODE     ---       #32
      00FF012AH   LINE      CODE     ---       #34
      00FF0132H   LINE      CODE     ---       #35
      00FF013FH   LINE      CODE     ---       #36
      00FF0141H   LINE      CODE     ---       #39
      00FF0149H   LINE      CODE     ---       #40
      00FF0159H   LINE      CODE     ---       #41
      00FF0159H   LINE      CODE     ---       #42
      00FF015EH   LINE      CODE     ---       #44
      00FF0166H   LINE      CODE     ---       #45
      00FF0176H   LINE      CODE     ---       #46
      00FF0178H   LINE      CODE     ---       #49
      00FF0180H   LINE      CODE     ---       #50
      00FF0190H   LINE      CODE     ---       #51
      00FF0190H   LINE      CODE     ---       #53
      00FF01A3H   LINE      CODE     ---       #54
      00FF01A6H   LINE      CODE     ---       #55
      00FF01A6H   LINE      CODE     ---       #57
      00FF01AFH   LINE      CODE     ---       #59
      00FF01BFH   LINE      CODE     ---       #60
L251 LINKER/LOCATER V4.66.93.0                                                        06/02/2026  18:42:57  PAGE 18


      00FF01C7H   LINE      CODE     ---       #61
      00FF01D7H   LINE      CODE     ---       #62
      00FF01E5H   LINE      CODE     ---       #64
      00FF01EEH   LINE      CODE     ---       #66
      00FF01F6H   LINE      CODE     ---       #67
      00FF0203H   LINE      CODE     ---       #68
      00FF0205H   LINE      CODE     ---       #71
      00FF020DH   LINE      CODE     ---       #72
      00FF021DH   LINE      CODE     ---       #73
      00FF021DH   LINE      CODE     ---       #74
      00FF0222H   LINE      CODE     ---       #76
      00FF022AH   LINE      CODE     ---       #77
      00FF023AH   LINE      CODE     ---       #78
      00FF023CH   LINE      CODE     ---       #81
      00FF0244H   LINE      CODE     ---       #82
      00FF0254H   LINE      CODE     ---       #83
      00FF0254H   LINE      CODE     ---       #85
      00FF0267H   LINE      CODE     ---       #86
      00FF026AH   LINE      CODE     ---       #87
      00FF026AH   LINE      CODE     ---       #89
      00FF0273H   LINE      CODE     ---       #91
      00FF0283H   LINE      CODE     ---       #92
      00FF028BH   LINE      CODE     ---       #93
      00FF029BH   LINE      CODE     ---       #94
      00FF02A9H   LINE      CODE     ---       #96
      00FF02B2H   LINE      CODE     ---       #98
      00FF02BAH   LINE      CODE     ---       #99
      00FF02C7H   LINE      CODE     ---       #100
      00FF02C9H   LINE      CODE     ---       #103
      00FF02D1H   LINE      CODE     ---       #104
      00FF02E1H   LINE      CODE     ---       #105
      00FF02E1H   LINE      CODE     ---       #106
      00FF02E6H   LINE      CODE     ---       #108
      00FF02EEH   LINE      CODE     ---       #109
      00FF02FEH   LINE      CODE     ---       #110
      00FF0300H   LINE      CODE     ---       #113
      00FF0308H   LINE      CODE     ---       #114
      00FF0318H   LINE      CODE     ---       #115
      00FF0318H   LINE      CODE     ---       #117
      00FF032BH   LINE      CODE     ---       #118
      00FF032EH   LINE      CODE     ---       #119
      00FF032EH   LINE      CODE     ---       #121
      00FF0337H   LINE      CODE     ---       #123
      00FF0347H   LINE      CODE     ---       #124
      00FF034FH   LINE      CODE     ---       #125
      00FF035FH   LINE      CODE     ---       #126
      00FF036DH   LINE      CODE     ---       #128
      00FF0376H   LINE      CODE     ---       #130
      00FF037EH   LINE      CODE     ---       #131
      00FF038BH   LINE      CODE     ---       #132
      00FF038DH   LINE      CODE     ---       #135
      00FF0395H   LINE      CODE     ---       #136
      00FF03A5H   LINE      CODE     ---       #137
      00FF03A5H   LINE      CODE     ---       #138
      00FF03AAH   LINE      CODE     ---       #140
      00FF03B2H   LINE      CODE     ---       #141
      00FF03C2H   LINE      CODE     ---       #142
      00FF03C4H   LINE      CODE     ---       #145
      00FF03CCH   LINE      CODE     ---       #146
      00FF03DCH   LINE      CODE     ---       #147
      00FF03DCH   LINE      CODE     ---       #149
      00FF03EFH   LINE      CODE     ---       #150
      00FF03F2H   LINE      CODE     ---       #151
      00FF03F2H   LINE      CODE     ---       #153
      00FF03F6H   LINE      CODE     ---       #160
L251 LINKER/LOCATER V4.66.93.0                                                        06/02/2026  18:42:57  PAGE 19


      00FF0405H   LINE      CODE     ---       #161
      00FF0417H   LINE      CODE     ---       #162
      00FF043DH   LINE      CODE     ---       #163
      00FF0461H   LINE      CODE     ---       #164
      00FF0464H   LINE      CODE     ---       #165
      00FF0464H   LINE      CODE     ---       #167
      00FF046DH   LINE      CODE     ---       #169
      00FF047DH   LINE      CODE     ---       #170
      00FF048DH   LINE      CODE     ---       #171
      00FF049BH   LINE      CODE     ---       #173
      00FF04A2H   LINE      CODE     ---       #175
      00FF04AAH   LINE      CODE     ---       #176
      00FF04BAH   LINE      CODE     ---       #177
      00FF04BCH   LINE      CODE     ---       #180
      00FF04C4H   LINE      CODE     ---       #181
      00FF04D4H   LINE      CODE     ---       #182
      00FF04D4H   LINE      CODE     ---       #184
      00FF04E7H   LINE      CODE     ---       #185
      00FF04EAH   LINE      CODE     ---       #186
      00FF04EAH   LINE      CODE     ---       #188
      00FF04F3H   LINE      CODE     ---       #190
      00FF0503H   LINE      CODE     ---       #191
      00FF0513H   LINE      CODE     ---       #192
      00FF0521H   LINE      CODE     ---       #194
      00FF0528H   LINE      CODE     ---       #196
      00FF0530H   LINE      CODE     ---       #197
      00FF0540H   LINE      CODE     ---       #198
      00FF0542H   LINE      CODE     ---       #201
      00FF054AH   LINE      CODE     ---       #202
      00FF055AH   LINE      CODE     ---       #203
      00FF055AH   LINE      CODE     ---       #205
      00FF056DH   LINE      CODE     ---       #206
      00FF0570H   LINE      CODE     ---       #207
      00FF0570H   LINE      CODE     ---       #209
      00FF0579H   LINE      CODE     ---       #211
      00FF0589H   LINE      CODE     ---       #212
      00FF0599H   LINE      CODE     ---       #213
      00FF05A7H   LINE      CODE     ---       #215
      00FF05AEH   LINE      CODE     ---       #217
      00FF05B6H   LINE      CODE     ---       #218
      00FF05C6H   LINE      CODE     ---       #219
      00FF05C8H   LINE      CODE     ---       #222
      00FF05D0H   LINE      CODE     ---       #223
      00FF05E0H   LINE      CODE     ---       #224
      00FF05E0H   LINE      CODE     ---       #226
      00FF05F3H   LINE      CODE     ---       #227
      00FF05F6H   LINE      CODE     ---       #228
      00FF05F6H   LINE      CODE     ---       #230
      00FF05FFH   LINE      CODE     ---       #232
      00FF060FH   LINE      CODE     ---       #233
      00FF061FH   LINE      CODE     ---       #234
      00FF062DH   LINE      CODE     ---       #236
      00FF0634H   LINE      CODE     ---       #238
      00FF063CH   LINE      CODE     ---       #239
      00FF064CH   LINE      CODE     ---       #240
      00FF064EH   LINE      CODE     ---       #243
      00FF0656H   LINE      CODE     ---       #244
      00FF0666H   LINE      CODE     ---       #245
      00FF0666H   LINE      CODE     ---       #247
      00FF0680H   LINE      CODE     ---       #248
      00FF0682H   LINE      CODE     ---       #249
      00FF0682H   LINE      CODE     ---       #251
      00FF0686H   LINE      CODE     ---       #258
      00FF0695H   LINE      CODE     ---       #259
      00FF06A7H   LINE      CODE     ---       #260
L251 LINKER/LOCATER V4.66.93.0                                                        06/02/2026  18:42:57  PAGE 20


      00FF06CDH   LINE      CODE     ---       #261
      00FF06F3H   LINE      CODE     ---       #262
      00FF06F5H   LINE      CODE     ---       #263
      00FF06F5H   LINE      CODE     ---       #265
      00FF06F7H   LINE      CODE     ---       #266
      ---         BLOCKEND  ---      ---       LVL=0

      00FF0CC2H   BLOCK     CODE     ---       LVL=0
      R11         REGSYM    ---      BYTE      PWM
      REG=7       REGSYM    ---      ---       PWMx
      00FF0CC2H   LINE      CODE     ---       #275
      00FF0CC4H   LINE      CODE     ---       #277
      00FF0CF3H   LINE      CODE     ---       #279
      00FF0CF3H   LINE      CODE     ---       #280
      00FF0D05H   LINE      CODE     ---       #281
      00FF0D08H   LINE      CODE     ---       #283
      00FF0D08H   LINE      CODE     ---       #284
      00FF0D1BH   LINE      CODE     ---       #285
      00FF0D1EH   LINE      CODE     ---       #287
      00FF0D1EH   LINE      CODE     ---       #288
      00FF0D31H   LINE      CODE     ---       #289
      00FF0D34H   LINE      CODE     ---       #291
      00FF0D34H   LINE      CODE     ---       #292
      00FF0D47H   LINE      CODE     ---       #293
      00FF0D4AH   LINE      CODE     ---       #295
      00FF0D4AH   LINE      CODE     ---       #296
      00FF0D5DH   LINE      CODE     ---       #297
      00FF0D60H   LINE      CODE     ---       #299
      00FF0D60H   LINE      CODE     ---       #300
      00FF0D73H   LINE      CODE     ---       #301
      00FF0D76H   LINE      CODE     ---       #303
      00FF0D76H   LINE      CODE     ---       #304
      00FF0D89H   LINE      CODE     ---       #305
      00FF0D8CH   LINE      CODE     ---       #307
      00FF0D8CH   LINE      CODE     ---       #308
      00FF0D9FH   LINE      CODE     ---       #309
      00FF0DA2H   LINE      CODE     ---       #311
      00FF0DA2H   LINE      CODE     ---       #312
      00FF0DB7H   LINE      CODE     ---       #313
      00FF0DC9H   LINE      CODE     ---       #314
      00FF0DDBH   LINE      CODE     ---       #315
      00FF0DEAH   LINE      CODE     ---       #316
      00FF0DECH   LINE      CODE     ---       #318
      00FF0DECH   LINE      CODE     ---       #319
      00FF0E02H   LINE      CODE     ---       #320
      00FF0E14H   LINE      CODE     ---       #321
      00FF0E26H   LINE      CODE     ---       #322
      00FF0E3CH   LINE      CODE     ---       #323
      00FF0E3CH   LINE      CODE     ---       #324
      00FF0E3CH   LINE      CODE     ---       #325
      ---         BLOCKEND  ---      ---       LVL=0
      R10         REGSYM    ---      BYTE      addr
      R11         REGSYM    ---      BYTE      dat
      R10         REGSYM    ---      BYTE      addr
      R11         REGSYM    ---      BYTE      dat
      R2          REGSYM    ---      BYTE      addr
      R10         REGSYM    ---      BYTE      dat
      R2          REGSYM    ---      BYTE      addr
      R10         REGSYM    ---      BYTE      dat
      R7          REGSYM    ---      BYTE      PWM
      REG=3       REGSYM    ---      ---       PWMx
      R11         REGSYM    ---      BYTE      PWM
      REG=3       REGSYM    ---      ---       PWMx

      ---         MODULE    ---      ---       STC32G_PWM_Isr
L251 LINKER/LOCATER V4.66.93.0                                                        06/02/2026  18:42:57  PAGE 21


      00FF0ED3H   PUBLIC    CODE     ---       PWMA_ISR_Handler
      00FF0F58H   PUBLIC    CODE     ---       PWMB_ISR_Handler
      000000D0H   SFRSYM    DATA     BYTE      PSW
      0000009DH   SFRSYM    DATA     BYTE      IRCBAND
      00000097H   SFRSYM    DATA     BYTE      AUXR2
      000000EFH   SFRSYM    DATA     BYTE      AUXINTIF
      000000FDH   SFRSYM    DATA     BYTE      S4CON
      000000ACH   SFRSYM    DATA     BYTE      S3CON
      0000009AH   SFRSYM    DATA     BYTE      S2CON
      000000B7H   SFRSYM    DATA     BYTE      IPH
      000000CDH   SFRSYM    DATA     BYTE      SPSTAT
      000000DDH   SFRSYM    DATA     BYTE      T4T3M
      000000C1H   SFRSYM    DATA     BYTE      WDT_CONTR
      000000DFH   SFRSYM    DATA     BYTE      IP3
      000000F4H   SFRSYM    DATA     BYTE      USBCON
      000000B5H   SFRSYM    DATA     BYTE      IP2
      000000FFH   SFRSYM    DATA     BYTE      RSTCFG
      000000C7H   SFRSYM    DATA     BYTE      IAP_CONTR
      000000F9H   SFRSYM    DATA     BYTE      LINICR
      0000008EH   SFRSYM    DATA     BYTE      AUXR
      000000AFH   SFRSYM    DATA     BYTE      IE2
      00000088H   SFRSYM    DATA     BYTE      TCON
      00000089H   SFRSYM    DATA     BYTE      TMOD
      00000098H   SFRSYM    DATA     BYTE      SCON
      000000F1H   SFRSYM    DATA     BYTE      CANICR
      00000087H   SFRSYM    DATA     BYTE      PCON
      000000BCH   SFRSYM    DATA     BYTE      ADC_CONTR
      000000E7H   SFRSYM    DATA     BYTE      CMPCR2
      000000E6H   SFRSYM    DATA     BYTE      CMPCR1
      000000DEH   SFRSYM    DATA     BYTE      ADCCFG
      000000B8H   SFRSYM    DATA     BYTE      IP
      0000008FH   SFRSYM    DATA     BYTE      INTCLKO
      000000EEH   SFRSYM    DATA     BYTE      IP3H
      000000B6H   SFRSYM    DATA     BYTE      IP2H
      000000A8H   SFRSYM    DATA     BYTE      IE
      000000BBH   SFRSYM    DATA     BYTE      P_SW3
      000000BAH   SFRSYM    DATA     BYTE      P_SW2
      000000A2H   SFRSYM    DATA     BYTE      P_SW1
      000000CEH   SFRSYM    DATA     BYTE      SPCTL
      000000F8H   SFRSYM    DATA     BYTE      P7
      000000E8H   SFRSYM    DATA     BYTE      P6
      000000C8H   SFRSYM    DATA     BYTE      P5
      000000C0H   SFRSYM    DATA     BYTE      P4
      000000B0H   SFRSYM    DATA     BYTE      P3
      000000A0H   SFRSYM    DATA     BYTE      P2
      00000090H   SFRSYM    DATA     BYTE      P1
      00000080H   SFRSYM    DATA     BYTE      P0

      00FF0ED3H   BLOCK     CODE     ---       LVL=0
      00FF0ED3H   LINE      CODE     ---       #23
      00FF0ED9H   LINE      CODE     ---       #26
      00FF0EE7H   LINE      CODE     ---       #28
      00FF0EEFH   LINE      CODE     ---       #30
      00FF0EEFH   LINE      CODE     ---       #31
      00FF0EF5H   LINE      CODE     ---       #33
      00FF0EFDH   LINE      CODE     ---       #35
      00FF0EFDH   LINE      CODE     ---       #36
      00FF0F03H   LINE      CODE     ---       #38
      00FF0F0BH   LINE      CODE     ---       #40
      00FF0F0BH   LINE      CODE     ---       #41
      00FF0F11H   LINE      CODE     ---       #43
      00FF0F19H   LINE      CODE     ---       #45
      00FF0F19H   LINE      CODE     ---       #46
      00FF0F1FH   LINE      CODE     ---       #48
      00FF0F27H   LINE      CODE     ---       #50
L251 LINKER/LOCATER V4.66.93.0                                                        06/02/2026  18:42:57  PAGE 22


      00FF0F27H   LINE      CODE     ---       #51
      00FF0F2DH   LINE      CODE     ---       #53
      00FF0F35H   LINE      CODE     ---       #55
      00FF0F35H   LINE      CODE     ---       #56
      00FF0F3BH   LINE      CODE     ---       #58
      00FF0F43H   LINE      CODE     ---       #60
      00FF0F43H   LINE      CODE     ---       #61
      00FF0F49H   LINE      CODE     ---       #63
      00FF0F51H   LINE      CODE     ---       #65
      ---         BLOCKEND  ---      ---       LVL=0

      00FF0F58H   BLOCK     CODE     ---       LVL=0
      00FF0F58H   LINE      CODE     ---       #75
      00FF0F5EH   LINE      CODE     ---       #78
      00FF0F6CH   LINE      CODE     ---       #80
      00FF0F74H   LINE      CODE     ---       #82
      00FF0F74H   LINE      CODE     ---       #83
      00FF0F7AH   LINE      CODE     ---       #85
      00FF0F82H   LINE      CODE     ---       #87
      00FF0F82H   LINE      CODE     ---       #88
      00FF0F88H   LINE      CODE     ---       #90
      00FF0F90H   LINE      CODE     ---       #92
      00FF0F90H   LINE      CODE     ---       #93
      00FF0F96H   LINE      CODE     ---       #95
      00FF0F9EH   LINE      CODE     ---       #97
      00FF0F9EH   LINE      CODE     ---       #98
      00FF0FA4H   LINE      CODE     ---       #100
      00FF0FACH   LINE      CODE     ---       #102
      00FF0FACH   LINE      CODE     ---       #103
      00FF0FB2H   LINE      CODE     ---       #105
      00FF0FBAH   LINE      CODE     ---       #107
      00FF0FBAH   LINE      CODE     ---       #108
      00FF0FC0H   LINE      CODE     ---       #110
      00FF0FC8H   LINE      CODE     ---       #112
      00FF0FC8H   LINE      CODE     ---       #113
      00FF0FCEH   LINE      CODE     ---       #115
      00FF0FD6H   LINE      CODE     ---       #117
      ---         BLOCKEND  ---      ---       LVL=0

      ---         MODULE    ---      ---       STC32G_Timer
      00FF0AA9H   PUBLIC    CODE     ---       Timer_Inilize
      0000008EH.3 SFRSYM    DATA     BIT       T2_CT
      00000089H.6 SFRSYM    DATA     BIT       T1_CT
      00000089H.2 SFRSYM    DATA     BIT       T0_CT
      000000D0H   SFRSYM    DATA     BYTE      PSW
      0000009DH   SFRSYM    DATA     BYTE      IRCBAND
      00000097H   SFRSYM    DATA     BYTE      AUXR2
      000000EFH   SFRSYM    DATA     BYTE      AUXINTIF
      000000FDH   SFRSYM    DATA     BYTE      S4CON
      000000ACH   SFRSYM    DATA     BYTE      S3CON
      0000009AH   SFRSYM    DATA     BYTE      S2CON
      000000DDH.5 SFRSYM    DATA     BIT       T4x12
      000000DDH.1 SFRSYM    DATA     BIT       T3x12
      0000008EH.2 SFRSYM    DATA     BIT       T2x12
      0000008EH.6 SFRSYM    DATA     BIT       T1x12
      000000B7H   SFRSYM    DATA     BYTE      IPH
      000000CDH   SFRSYM    DATA     BYTE      SPSTAT
      0000008EH.7 SFRSYM    DATA     BIT       T0x12
      000000DDH   SFRSYM    DATA     BYTE      T4T3M
      000000DDH.7 SFRSYM    DATA     BIT       T4R
      000000DDH.3 SFRSYM    DATA     BIT       T3R
      0000008EH.4 SFRSYM    DATA     BIT       T2R
      000000C1H   SFRSYM    DATA     BYTE      WDT_CONTR
      00000088H.6 SFRSYM    DATA     BIT       TR1
      00000088H.4 SFRSYM    DATA     BIT       TR0
L251 LINKER/LOCATER V4.66.93.0                                                        06/02/2026  18:42:57  PAGE 23


      000000D3H   SFRSYM    DATA     BYTE      T4L
      000000D5H   SFRSYM    DATA     BYTE      T3L
      000000D7H   SFRSYM    DATA     BYTE      T2L
      0000008BH   SFRSYM    DATA     BYTE      TL1
      0000008AH   SFRSYM    DATA     BYTE      TL0
      000000D2H   SFRSYM    DATA     BYTE      T4H
      000000D4H   SFRSYM    DATA     BYTE      T3H
      000000D6H   SFRSYM    DATA     BYTE      T2H
      0000008DH   SFRSYM    DATA     BYTE      TH1
      0000008CH   SFRSYM    DATA     BYTE      TH0
      000000DFH   SFRSYM    DATA     BYTE      IP3
      000000F4H   SFRSYM    DATA     BYTE      USBCON
      000000B5H   SFRSYM    DATA     BYTE      IP2
      000000FFH   SFRSYM    DATA     BYTE      RSTCFG
      000000C7H   SFRSYM    DATA     BYTE      IAP_CONTR
      000000F9H   SFRSYM    DATA     BYTE      LINICR
      0000008EH   SFRSYM    DATA     BYTE      AUXR
      000000AFH   SFRSYM    DATA     BYTE      IE2
      00000088H   SFRSYM    DATA     BYTE      TCON
      00000089H   SFRSYM    DATA     BYTE      TMOD
      00000098H   SFRSYM    DATA     BYTE      SCON
      000000DDH.4 SFRSYM    DATA     BIT       T4CLKO
      000000DDH.0 SFRSYM    DATA     BIT       T3CLKO
      000000F1H   SFRSYM    DATA     BYTE      CANICR
      00000087H   SFRSYM    DATA     BYTE      PCON
      0000008FH.2 SFRSYM    DATA     BIT       T2CLKO
      000000BCH   SFRSYM    DATA     BYTE      ADC_CONTR
      0000008FH.1 SFRSYM    DATA     BIT       T1CLKO
      0000008FH.0 SFRSYM    DATA     BIT       T0CLKO
      000000E7H   SFRSYM    DATA     BYTE      CMPCR2
      000000E6H   SFRSYM    DATA     BYTE      CMPCR1
      000000DEH   SFRSYM    DATA     BYTE      ADCCFG
      000000B8H   SFRSYM    DATA     BYTE      IP
      0000008FH   SFRSYM    DATA     BYTE      INTCLKO
      000000EEH   SFRSYM    DATA     BYTE      IP3H
      000000B6H   SFRSYM    DATA     BYTE      IP2H
      000000A8H   SFRSYM    DATA     BYTE      IE
      000000BBH   SFRSYM    DATA     BYTE      P_SW3
      000000BAH   SFRSYM    DATA     BYTE      P_SW2
      000000A2H   SFRSYM    DATA     BYTE      P_SW1
      000000CEH   SFRSYM    DATA     BYTE      SPCTL
      000000F8H   SFRSYM    DATA     BYTE      P7
      000000E8H   SFRSYM    DATA     BYTE      P6
      000000C8H   SFRSYM    DATA     BYTE      P5
      000000C0H   SFRSYM    DATA     BYTE      P4
      000000B0H   SFRSYM    DATA     BYTE      P3
      000000A0H   SFRSYM    DATA     BYTE      P2
      00000090H   SFRSYM    DATA     BYTE      P1
      00000080H   SFRSYM    DATA     BYTE      P0
      000000DDH.6 SFRSYM    DATA     BIT       T4_CT
      000000DDH.2 SFRSYM    DATA     BIT       T3_CT

      00FF0AA9H   BLOCK     CODE     ---       LVL=0
      R7          REGSYM    ---      BYTE      TIM
      REG=7       REGSYM    ---      ---       TIMx
      00FF0AA9H   LINE      CODE     ---       #23
      00FF0AADH   LINE      CODE     ---       #25
      00FF0AB1H   LINE      CODE     ---       #27
      00FF0AB3H   LINE      CODE     ---       #28
      00FF0ABEH   LINE      CODE     ---       #29
      00FF0AC6H   LINE      CODE     ---       #30
      00FF0AD2H   LINE      CODE     ---       #31
      00FF0AEFH   LINE      CODE     ---       #32
      00FF0AF9H   LINE      CODE     ---       #33
      00FF0B05H   LINE      CODE     ---       #34
L251 LINKER/LOCATER V4.66.93.0                                                        06/02/2026  18:42:57  PAGE 24


      00FF0B14H   LINE      CODE     ---       #35
      00FF0B20H   LINE      CODE     ---       #36
      00FF0B22H   LINE      CODE     ---       #37
      00FF0B22H   LINE      CODE     ---       #39
      00FF0B26H   LINE      CODE     ---       #41
      00FF0B28H   LINE      CODE     ---       #42
      00FF0B33H   LINE      CODE     ---       #43
      00FF0B42H   LINE      CODE     ---       #44
      00FF0B4EH   LINE      CODE     ---       #45
      00FF0B6BH   LINE      CODE     ---       #46
      00FF0B75H   LINE      CODE     ---       #47
      00FF0B81H   LINE      CODE     ---       #48
      00FF0B90H   LINE      CODE     ---       #49
      00FF0B9CH   LINE      CODE     ---       #50
      00FF0B9EH   LINE      CODE     ---       #51
      00FF0B9EH   LINE      CODE     ---       #53
      00FF0BA2H   LINE      CODE     ---       #55
      00FF0BA5H   LINE      CODE     ---       #56
      00FF0BC0H   LINE      CODE     ---       #57
      00FF0BCAH   LINE      CODE     ---       #59
      00FF0BD6H   LINE      CODE     ---       #60
      00FF0BE5H   LINE      CODE     ---       #61
      00FF0BF3H   LINE      CODE     ---       #62
      00FF0BF5H   LINE      CODE     ---       #63
      00FF0BF5H   LINE      CODE     ---       #65
      00FF0BF9H   LINE      CODE     ---       #67
      00FF0BFCH   LINE      CODE     ---       #68
      00FF0C08H   LINE      CODE     ---       #69
      00FF0C25H   LINE      CODE     ---       #70
      00FF0C2FH   LINE      CODE     ---       #72
      00FF0C3BH   LINE      CODE     ---       #73
      00FF0C4AH   LINE      CODE     ---       #74
      00FF0C58H   LINE      CODE     ---       #75
      00FF0C5AH   LINE      CODE     ---       #76
      00FF0C5AH   LINE      CODE     ---       #78
      00FF0C5EH   LINE      CODE     ---       #80
      00FF0C61H   LINE      CODE     ---       #81
      00FF0C6DH   LINE      CODE     ---       #82
      00FF0C8AH   LINE      CODE     ---       #83
      00FF0C94H   LINE      CODE     ---       #85
      00FF0CA0H   LINE      CODE     ---       #86
      00FF0CAFH   LINE      CODE     ---       #87
      00FF0CBDH   LINE      CODE     ---       #88
      00FF0CBFH   LINE      CODE     ---       #89
      00FF0CBFH   LINE      CODE     ---       #90
      00FF0CC1H   LINE      CODE     ---       #91
      ---         BLOCKEND  ---      ---       LVL=0

      ---         MODULE    ---      ---       STC32G_Timer_Isr
      00FF0015H   PUBLIC    CODE     ---       Timer0_ISR_Handler
      00FF0003H   PUBLIC    CODE     ---       Timer1_ISR_Handler
      00FF000EH   PUBLIC    CODE     ---       Timer2_ISR_Handler
      00FF10CAH   PUBLIC    CODE     ---       Timer3_ISR_Handler
      00FF10D1H   PUBLIC    CODE     ---       Timer4_ISR_Handler
      00000020H.2 PUBLIC    BIT      BIT       T0_1ms
      000000D0H   SFRSYM    DATA     BYTE      PSW
      0000009DH   SFRSYM    DATA     BYTE      IRCBAND
      00000097H   SFRSYM    DATA     BYTE      AUXR2
      000000EFH   SFRSYM    DATA     BYTE      AUXINTIF
      000000FDH   SFRSYM    DATA     BYTE      S4CON
      000000ACH   SFRSYM    DATA     BYTE      S3CON
      0000009AH   SFRSYM    DATA     BYTE      S2CON
      000000B7H   SFRSYM    DATA     BYTE      IPH
      000000CDH   SFRSYM    DATA     BYTE      SPSTAT
      000000DDH   SFRSYM    DATA     BYTE      T4T3M
L251 LINKER/LOCATER V4.66.93.0                                                        06/02/2026  18:42:57  PAGE 25


      000000C1H   SFRSYM    DATA     BYTE      WDT_CONTR
      000000DFH   SFRSYM    DATA     BYTE      IP3
      000000F4H   SFRSYM    DATA     BYTE      USBCON
      000000B5H   SFRSYM    DATA     BYTE      IP2
      000000FFH   SFRSYM    DATA     BYTE      RSTCFG
      000000C7H   SFRSYM    DATA     BYTE      IAP_CONTR
      000000F9H   SFRSYM    DATA     BYTE      LINICR
      0000008EH   SFRSYM    DATA     BYTE      AUXR
      000000AFH   SFRSYM    DATA     BYTE      IE2
      000000E8H.6 SFRSYM    DATA     BIT       P66
      000000E8H.5 SFRSYM    DATA     BIT       P65
      000000E8H.4 SFRSYM    DATA     BIT       P64
      000000E8H.3 SFRSYM    DATA     BIT       P63
      00000088H   SFRSYM    DATA     BYTE      TCON
      00000089H   SFRSYM    DATA     BYTE      TMOD
      00000098H   SFRSYM    DATA     BYTE      SCON
      000000F1H   SFRSYM    DATA     BYTE      CANICR
      00000087H   SFRSYM    DATA     BYTE      PCON
      000000BCH   SFRSYM    DATA     BYTE      ADC_CONTR
      000000E7H   SFRSYM    DATA     BYTE      CMPCR2
      000000E6H   SFRSYM    DATA     BYTE      CMPCR1
      000000DEH   SFRSYM    DATA     BYTE      ADCCFG
      000000B8H   SFRSYM    DATA     BYTE      IP
      0000008FH   SFRSYM    DATA     BYTE      INTCLKO
      000000EEH   SFRSYM    DATA     BYTE      IP3H
      000000B6H   SFRSYM    DATA     BYTE      IP2H
      000000A8H   SFRSYM    DATA     BYTE      IE
      000000BBH   SFRSYM    DATA     BYTE      P_SW3
      000000BAH   SFRSYM    DATA     BYTE      P_SW2
      000000A2H   SFRSYM    DATA     BYTE      P_SW1
      000000CEH   SFRSYM    DATA     BYTE      SPCTL
      000000F8H   SFRSYM    DATA     BYTE      P7
      000000E8H   SFRSYM    DATA     BYTE      P6
      000000C8H   SFRSYM    DATA     BYTE      P5
      000000C0H   SFRSYM    DATA     BYTE      P4
      000000B0H   SFRSYM    DATA     BYTE      P3
      000000A0H   SFRSYM    DATA     BYTE      P2
      00000090H   SFRSYM    DATA     BYTE      P1
      00000080H   SFRSYM    DATA     BYTE      P0

      00FF0015H   BLOCK     CODE     ---       LVL=0
      00FF0015H   LINE      CODE     ---       #25
      00FF0015H   LINE      CODE     ---       #28
      00FF0017H   LINE      CODE     ---       #30
      ---         BLOCKEND  ---      ---       LVL=0

      00FF0003H   BLOCK     CODE     ---       LVL=0
      00FF0003H   LINE      CODE     ---       #39
      00FF0005H   LINE      CODE     ---       #42
      00FF0007H   LINE      CODE     ---       #43
      ---         BLOCKEND  ---      ---       LVL=0

      00FF000EH   BLOCK     CODE     ---       LVL=0
      00FF000EH   LINE      CODE     ---       #52
      00FF0010H   LINE      CODE     ---       #55
      00FF0012H   LINE      CODE     ---       #56
      ---         BLOCKEND  ---      ---       LVL=0

      00FF10CAH   BLOCK     CODE     ---       LVL=0
      00FF10CAH   LINE      CODE     ---       #65
      00FF10CCH   LINE      CODE     ---       #68
      00FF10CEH   LINE      CODE     ---       #69
      ---         BLOCKEND  ---      ---       LVL=0

      00FF10D1H   BLOCK     CODE     ---       LVL=0
L251 LINKER/LOCATER V4.66.93.0                                                        06/02/2026  18:42:57  PAGE 26


      00FF10D1H   LINE      CODE     ---       #78
      00FF10D3H   LINE      CODE     ---       #81
      00FF10D5H   LINE      CODE     ---       #82
      ---         BLOCKEND  ---      ---       LVL=0

      ---         MODULE    ---      ---       STC32G_Delay
      00FF10A0H   PUBLIC    CODE     ---       delay_ms
      000000D0H   SFRSYM    DATA     BYTE      PSW
      0000009DH   SFRSYM    DATA     BYTE      IRCBAND
      00000097H   SFRSYM    DATA     BYTE      AUXR2
      000000EFH   SFRSYM    DATA     BYTE      AUXINTIF
      000000FDH   SFRSYM    DATA     BYTE      S4CON
      000000ACH   SFRSYM    DATA     BYTE      S3CON
      0000009AH   SFRSYM    DATA     BYTE      S2CON
      000000B7H   SFRSYM    DATA     BYTE      IPH
      000000CDH   SFRSYM    DATA     BYTE      SPSTAT
      000000DDH   SFRSYM    DATA     BYTE      T4T3M
      000000C1H   SFRSYM    DATA     BYTE      WDT_CONTR
      000000DFH   SFRSYM    DATA     BYTE      IP3
      000000F4H   SFRSYM    DATA     BYTE      USBCON
      000000B5H   SFRSYM    DATA     BYTE      IP2
      000000FFH   SFRSYM    DATA     BYTE      RSTCFG
      000000C7H   SFRSYM    DATA     BYTE      IAP_CONTR
      000000F9H   SFRSYM    DATA     BYTE      LINICR
      0000008EH   SFRSYM    DATA     BYTE      AUXR
      000000AFH   SFRSYM    DATA     BYTE      IE2
      00000088H   SFRSYM    DATA     BYTE      TCON
      00000089H   SFRSYM    DATA     BYTE      TMOD
      00000098H   SFRSYM    DATA     BYTE      SCON
      000000F1H   SFRSYM    DATA     BYTE      CANICR
      00000087H   SFRSYM    DATA     BYTE      PCON
      000000BCH   SFRSYM    DATA     BYTE      ADC_CONTR
      000000E7H   SFRSYM    DATA     BYTE      CMPCR2
      000000E6H   SFRSYM    DATA     BYTE      CMPCR1
      000000DEH   SFRSYM    DATA     BYTE      ADCCFG
      000000B8H   SFRSYM    DATA     BYTE      IP
      0000008FH   SFRSYM    DATA     BYTE      INTCLKO
      000000EEH   SFRSYM    DATA     BYTE      IP3H
      000000B6H   SFRSYM    DATA     BYTE      IP2H
      000000A8H   SFRSYM    DATA     BYTE      IE
      000000BBH   SFRSYM    DATA     BYTE      P_SW3
      000000BAH   SFRSYM    DATA     BYTE      P_SW2
      000000A2H   SFRSYM    DATA     BYTE      P_SW1
      000000CEH   SFRSYM    DATA     BYTE      SPCTL
      000000F8H   SFRSYM    DATA     BYTE      P7
      000000E8H   SFRSYM    DATA     BYTE      P6
      000000C8H   SFRSYM    DATA     BYTE      P5
      000000C0H   SFRSYM    DATA     BYTE      P4
      000000B0H   SFRSYM    DATA     BYTE      P3
      000000A0H   SFRSYM    DATA     BYTE      P2
      00000090H   SFRSYM    DATA     BYTE      P1
      00000080H   SFRSYM    DATA     BYTE      P0

      00FF10A0H   BLOCK     CODE     ---       LVL=0
      WR4         REGSYM    ---      WORD      ms
      00FF10A2H   BLOCK     CODE     NEAR LAB  LVL=1
      WR6         REGSYM    ---      WORD      i
      ---         BLOCKEND  ---      ---       LVL=1
      00FF10A0H   LINE      CODE     ---       #25
      00FF10A2H   LINE      CODE     ---       #26
      00FF10A2H   LINE      CODE     ---       #28
      00FF10A2H   LINE      CODE     ---       #29
      00FF10A6H   LINE      CODE     ---       #30
      00FF10AEH   LINE      CODE     ---       #31
      00FF10B6H   LINE      CODE     ---       #32
L251 LINKER/LOCATER V4.66.93.0                                                        06/02/2026  18:42:57  PAGE 27


      ---         BLOCKEND  ---      ---       LVL=0

      ---         MODULE    ---      ---       ?C_START
      00FF0000H   PUBLIC    CODE     ---       ?C?STARTUP
      00FF0000H   PUBLIC    CODE     ---       ?C_STARTUP

      ---         MODULE    ---      ---       ?C?INITEDATA
      00FF0031H   PUBLIC    CODE     ---       ?C?INITEDATA

      ---         MODULE    ---      ---       ?C?INITEDATA_END
      00FF10DEH   PUBLIC    HCONST   WORD      ?C?INITEDATA_END

Program Size: data=8.3 edata+hdata=283 xdata=0 const=8 code=4287
L251 RUN COMPLETE.  0 WARNING(S),  0 ERROR(S)
