C251 COMPILER V5.60.0,  iic                                                                06/06/26  20:17:07  PAGE 1   


C251 COMPILER V5.60.0, COMPILATION OF MODULE iic
OBJECT MODULE PLACED IN .\list\iic.obj
COMPILER INVOKED BY: D:\keil5\C251\BIN\C251.EXE iic.c XSMALL INTR2 BROWSE DEBUG PRINT(.\list\iic.lst) OBJECT(.\list\iic.
                    -obj) 

stmt  level    source

    1          #include "iic.h"
    2          
    3          /*初始化函数，把2条信号线拉高（状态为释放）*/
    4          void iic_Init(void)
    5          {
    6   1      //    P_SW2 |= 0x80;
    7   1      
    8   1      //              P3M1=0x00;
    9   1      //              P3M0=0xFF; 
   10   1      
   11   1      //              P5M1=0x00;
   12   1      //              P5M0=0xFF;  
   13   1              
   14   1                      P3M0 |= (1 << 3);   // M0=1
   15   1                      P3M1 &= ~(1 << 3);  // M1=0
   16   1      
   17   1                      P5M0 |= (1 << 4);   // M0=1
   18   1                      P5M1 &= ~(1 << 4);  // M1=0
   19   1      
   20   1      
   21   1                      IIC_SDA_L;
   22   1                IIC_SCL_H;
   23   1      
   24   1          _nop_(); _nop_(); _nop_(); _nop_();
   25   1      }
   26          
   27          /*产生一个开始信号的函数*/
   28          void iic_Start(void)
   29          {
   30   1              IIC_SCL_H;
   31   1              _nop_();_nop_();_nop_();_nop_();_nop_();
   32   1              IIC_SDA_H;      
   33   1              _nop_();_nop_();_nop_();_nop_();_nop_();
   34   1              IIC_SDA_L;
   35   1              _nop_();_nop_();_nop_();_nop_();_nop_();
   36   1              IIC_SCL_L;
   37   1      }
   38          
   39          /*产生一个结束信号的函数*/
   40          void iic_Stop(void)
   41          {
   42   1              IIC_SCL_H;
   43   1              _nop_();_nop_();_nop_();_nop_();
   44   1              IIC_SDA_L;
   45   1              _nop_();_nop_();_nop_();_nop_();_nop_();
   46   1              IIC_SDA_H;
   47   1              _nop_();_nop_();_nop_();_nop_();_nop_();
   48   1      }
   49          
   50          /*产生一个应答信号的函数*/
   51          void iic_Ack(void)
   52          {
   53   1              IIC_SCL_H;
   54   1              _nop_();_nop_();_nop_();_nop_();_nop_();
   55   1              IIC_SCL_L;
   56   1      }
   57          
   58          /*产生一个非应答信号的函数*/
C251 COMPILER V5.60.0,  iic                                                                06/06/26  20:17:07  PAGE 2   

   59          void iic_NAck(void)
   60          {
   61   1              IIC_SCL_L;
   62   1              IIC_SDA_H;
   63   1              _nop_();_nop_();
   64   1              IIC_SCL_H;
   65   1              _nop_();_nop_();_nop_();_nop_();_nop_();
   66   1              IIC_SCL_L;
   67   1      }
   68          
   69          /*等待从机发送的应答信号的函数*/
   70          unsigned char iic_Wait_Ack(void)
   71          {
   72   1              unsigned char ACK = 0;
   73   1              IIC_SDA_H;
   74   1              _nop_();
   75   1              IIC_SCL_H;
   76   1              _nop_();
   77   1              if(IIC_SDA_READ)
   78   1              {
   79   2                      ACK = 1;
   80   2              }
   81   1              else
   82   1              {
   83   2                      ACK = 0;
   84   2              }
   85   1              IIC_SCL_L;
   86   1              _nop_();_nop_();
   87   1              return ACK;
   88   1      }
   89          
   90          /*发送一个数据的函数*/
   91          void iic_SendData(unsigned char dat)
   92          {
   93   1              unsigned char i;
   94   1              for(i = 0;i < 8;i++)
   95   1              {
   96   2                      if(dat & 0x80)
   97   2                      {
   98   3                              IIC_SDA_H;
   99   3                      }
  100   2                      else
  101   2                      {
  102   3                              IIC_SDA_L;
  103   3                      }
  104   2                      dat<<=1;
  105   2                      _nop_();_nop_();
  106   2                      IIC_SCL_H;
  107   2                      _nop_();_nop_();
  108   2                      IIC_SCL_L;
  109   2                      _nop_();_nop_();
  110   2              }
  111   1      }
  112          
  113          /*读取一个数据的函数*/
  114          unsigned char iic_ReadData(void)
  115          {
  116   1              unsigned char i,receive = 0;
  117   1              for(i=0;i<8;i++)
  118   1              {
  119   2                      IIC_SCL_L;
  120   2                      _nop_();_nop_();
  121   2                      IIC_SCL_H;
  122   2                      receive<<=1;
  123   2                      if(IIC_SDA_READ)receive++;
  124   2                      _nop_();
C251 COMPILER V5.60.0,  iic                                                                06/06/26  20:17:07  PAGE 3   

  125   2              }
  126   1              _nop_();_nop_();_nop_();
  127   1              IIC_SCL_L;
  128   1              return receive;
  129   1      }
  130          
  131          
  132          
  133          
  134          


Module Information          Static   Overlayable
------------------------------------------------
  code size            =       175     ------
  ecode size           =    ------     ------
  data size            =    ------     ------
  idata size           =    ------     ------
  pdata size           =    ------     ------
  xdata size           =    ------     ------
  xdata-const size     =    ------     ------
  edata size           =    ------     ------
  bit size             =    ------     ------
  ebit size            =    ------     ------
  bitaddressable size  =    ------     ------
  ebitaddressable size =    ------     ------
  far data size        =    ------     ------
  huge data size       =    ------     ------
  const size           =    ------     ------
  hconst size          =    ------     ------
End of Module Information.


C251 COMPILATION COMPLETE.  0 WARNING(S),  0 ERROR(S)
