C251 COMPILER V5.60.0,  STC32G_Timer_Isr                                                   06/06/26  20:17:07  PAGE 1   


C251 COMPILER V5.60.0, COMPILATION OF MODULE STC32G_Timer_Isr
OBJECT MODULE PLACED IN .\list\STC32G_Timer_Isr.obj
COMPILER INVOKED BY: D:\keil5\C251\BIN\C251.EXE STC32G_Timer_Isr.c XSMALL INTR2 BROWSE DEBUG PRINT(.\list\STC32G_Timer_I
                    -sr.lst) OBJECT(.\list\STC32G_Timer_Isr.obj) 

stmt  level    source

    1          /*---------------------------------------------------------------------*/
    2          /* --- STC MCU Limited ------------------------------------------------*/
    3          /* --- STC 1T Series MCU Demo Programme -------------------------------*/
    4          /* --- Mobile: (86)13922805190 ----------------------------------------*/
    5          /* --- Fax: 86-0513-55012956,55012947,55012969 ------------------------*/
    6          /* --- Tel: 86-0513-55012928,55012929,55012966 ------------------------*/
    7          /* --- Web: www.STCAI.com ---------------------------------------------*/
    8          /* --- Web: www.STCMCUDATA.com  ---------------------------------------*/
    9          /* --- BBS: www.STCAIMCU.com  -----------------------------------------*/
   10          /* --- QQ:  800003751 -------------------------------------------------*/
   11          /* 如果要在程序中使用此代码,请在程序中注明使用了STC的资料及程序            */
   12          /*---------------------------------------------------------------------*/
   13          
   14          #include        "STC32G_Timer.h"
   15          
   16          bit T0_1ms;          //1ms标志
   17          
   18          //========================================================================
   19          // 函数: Timer0_ISR_Handler
   20          // 描述: Timer0中断函数.
   21          // 参数: none.
   22          // 返回: none.
   23          // 版本: V1.0, 2020-09-23
   24          //========================================================================
   25          void Timer0_ISR_Handler (void) interrupt TMR0_VECTOR            //进中断时已经清除标志
   26          {
   27   1              // TODO: 在此处添加用户代码
   28   1              T0_1ms = 1;
   29   1      //      P67 = ~P67;
   30   1      }
   31          
   32          //========================================================================
   33          // 函数: Timer1_ISR_Handler
   34          // 描述: Timer1中断函数.
   35          // 参数: none.
   36          // 返回: none.
   37          // 版本: V1.0, 2020-09-23
   38          //========================================================================
   39          //void Timer1_ISR_Handler (void) interrupt TMR1_VECTOR          //进中断时已经清除标志
   40          //{
   41          //      // TODO: 在此处添加用户代码
   42          //      P66 = ~P66;
   43          //}
   44          
   45          //========================================================================
   46          // 函数: Timer2_ISR_Handler
   47          // 描述: Timer2中断函数.
   48          // 参数: none.
   49          // 返回: none.
   50          // 版本: V1.0, 2020-09-23
   51          //========================================================================
   52          //void Timer2_ISR_Handler (void) interrupt TMR2_VECTOR          //进中断时已经清除标志
   53          //{
   54          //      // TODO: 在此处添加用户代码
   55          //      P65 = ~P65;
   56          //}
   57          
   58          //========================================================================
C251 COMPILER V5.60.0,  STC32G_Timer_Isr                                                   06/06/26  20:17:07  PAGE 2   

   59          // 函数: Timer3_ISR_Handler
   60          // 描述: Timer3中断函数.
   61          // 参数: none.
   62          // 返回: none.
   63          // 版本: V1.0, 2020-09-23
   64          //========================================================================
   65          void Timer3_ISR_Handler (void) interrupt TMR3_VECTOR            //进中断时已经清除标志
   66          {
   67   1              // TODO: 在此处添加用户代码
   68   1              P64 = ~P64;
   69   1      }
   70          
   71          //========================================================================
   72          // 函数: Timer4_ISR_Handler
   73          // 描述: Timer4中断函数.
   74          // 参数: none.
   75          // 返回: none.
   76          // 版本: V1.0, 2020-09-23
   77          //========================================================================
   78          void Timer4_ISR_Handler (void) interrupt TMR4_VECTOR            //进中断时已经清除标志
   79          {
   80   1              // TODO: 在此处添加用户代码
   81   1              P63 = ~P63;
   82   1      }


Module Information          Static   Overlayable
------------------------------------------------
  code size            =        26     ------
  ecode size           =    ------     ------
  data size            =    ------     ------
  idata size           =    ------     ------
  pdata size           =    ------     ------
  xdata size           =    ------     ------
  xdata-const size     =    ------     ------
  edata size           =    ------     ------
  bit size             =         1     ------
  ebit size            =    ------     ------
  bitaddressable size  =    ------     ------
  ebitaddressable size =    ------     ------
  far data size        =    ------     ------
  huge data size       =    ------     ------
  const size           =    ------     ------
  hconst size          =    ------     ------
End of Module Information.


C251 COMPILATION COMPLETE.  0 WARNING(S),  0 ERROR(S)
